#
# There is insufficient memory for the Java Runtime Environment to continue.
# Native memory allocation (malloc) failed to allocate 1048576 bytes. Error detail: AllocateHeap
# Possible reasons:
#   The system is out of physical RAM or swap space
#   This process is running with CompressedOops enabled, and the Java Heap may be blocking the growth of the native heap
# Possible solutions:
#   Reduce memory load on the system
#   Increase physical memory or swap space
#   Check if swap backing store is full
#   Decrease Java heap size (-Xmx/-Xms)
#   Decrease number of Java threads
#   Decrease Java thread stack sizes (-Xss)
#   Set larger code cache with -XX:ReservedCodeCacheSize=
#   JVM is running with Unscaled Compressed Oops mode in which the Java heap is
#     placed in the first 4GB address space. The Java Heap base address is the
#     maximum limit for the native heap growth. Please use -XX:HeapBaseMinAddress
#     to set the Java Heap base and to place the Java Heap above 4GB virtual address.
# This output file may be truncated or incomplete.
#
#  Out of Memory Error (allocation.cpp:44), pid=15780, tid=14024
#
# JRE version: OpenJDK Runtime Environment Temurin-21.0.11+10 (21.0.11+10) (build 21.0.11+10-LTS)
# Java VM: OpenJDK 64-Bit Server VM Temurin-21.0.11+10 (21.0.11+10-LTS, mixed mode, sharing, tiered, compressed oops, compressed class ptrs, parallel gc, windows-amd64)
# No core dump will be written. Minidumps are not enabled by default on client versions of Windows
#

---------------  S U M M A R Y ------------

Command Line: --add-modules=ALL-SYSTEM --add-opens=java.base/java.util=ALL-UNNAMED --add-opens=java.base/java.lang=ALL-UNNAMED --add-opens=java.base/sun.nio.fs=ALL-UNNAMED -Declipse.application=org.eclipse.jdt.ls.core.id1 -Dosgi.bundles.defaultStartLevel=4 -Declipse.product=org.eclipse.jdt.ls.core.product -Djava.import.generatesMetadataFilesAtProjectRoot=false -DDetectVMInstallationsJob.disabled=true -Dfile.encoding=utf8 -XX:+UseParallelGC -XX:GCTimeRatio=4 -XX:AdaptiveSizePolicyWeight=90 -Dsun.zip.disableMemoryMapping=true -Xmx2G -Xms100m -Xlog:disable -javaagent:c:\Users\Asus\.vscode\extensions\redhat.java-1.55.0-win32-x64\lombok\lombok-1.18.39-4050.jar -XX:+HeapDumpOnOutOfMemoryError -XX:HeapDumpPath=c:\Users\Asus\AppData\Roaming\Code\User\workspaceStorage\f8a3ee798ec4186917ff6778aadb489c\redhat.java -Daether.dependencyCollector.impl=bf c:\Users\Asus\.vscode\extensions\redhat.java-1.55.0-win32-x64\server\plugins\org.eclipse.equinox.launcher_1.7.200.v20260619-2039.jar -configuration c:\Users\Asus\AppData\Roaming\Code\User\globalStorage\redhat.java\1.55.0\config_win -data c:\Users\Asus\AppData\Roaming\Code\User\workspaceStorage\f8a3ee798ec4186917ff6778aadb489c\redhat.java\jdt_ws --pipe=\\.\pipe\lsp-ed198640171c45ca883f8db8e77980af-sock

Host: 12th Gen Intel(R) Core(TM) i5-12500H, 16 cores, 15G,  Windows 11 , 64 bit Build 26100 (10.0.26100.9168)
Time: Wed Aug 19 01:28:24 2026 India Standard Time elapsed time: 586.551583 seconds (0d 0h 9m 46s)

---------------  T H R E A D  ---------------

Current thread (0x0000022973a1b080):  JavaThread "Attach Listener" daemon [_thread_in_vm, id=14024, stack(0x00000054f8900000,0x00000054f8a00000) (1024K)]

Stack: [0x00000054f8900000,0x00000054f8a00000]
Native frames: (J=compiled Java code, j=interpreted, Vv=VM code, C=native code)
V  [jvm.dll+0x6d7e19]
V  [jvm.dll+0x8b5096]
V  [jvm.dll+0x8b764e]
V  [jvm.dll+0x8b7d33]
V  [jvm.dll+0x284596]
V  [jvm.dll+0xc13c7]
V  [jvm.dll+0x6d86c9]
V  [jvm.dll+0x133616]
V  [jvm.dll+0x3f868e]
V  [jvm.dll+0x85fb0d]
V  [jvm.dll+0x6d664d]
C  [ucrtbase.dll+0x2cd30]
C  [KERNEL32.DLL+0x2ccb7]
C  [ntdll.dll+0xaad6c]


---------------  P R O C E S S  ---------------

Threads class SMR info:
_java_thread_list=0x000002295552efe0, length=44, elements={
0x000002297396c5f0, 0x0000022973a13400, 0x000002297391c040, 0x0000022973a18fb0,
0x0000022973a1b080, 0x0000022973a1b710, 0x0000022973a19640, 0x000002297c6f4f60,
0x000002297c6f8930, 0x0000022973a1c430, 0x0000022973a19cd0, 0x0000022973a1a9f0,
0x0000022973a1bda0, 0x0000022973a1a360, 0x000002297e0f97a0, 0x000002297e0f9e30,
0x000002297e0fd940, 0x000002297e0fa4c0, 0x000002297e0fc590, 0x000002297e0fb870,
0x000002297e0fe660, 0x000002297e0fcc20, 0x000002297e0ff380, 0x000002297e0fbf00,
0x000002297e0ffa10, 0x000002297e100730, 0x000002297e1000a0, 0x000002297e100dc0,
0x000002297ed186f0, 0x000002297ed18d80, 0x000002297ed1a7c0, 0x000002297ed19410,
0x000002297ed1b4e0, 0x000002297ed19aa0, 0x000002297ed18060, 0x000002297ed1c200,
0x000002297ed1bb70, 0x000002297ed1cf20, 0x000002297ed1ae50, 0x000002297ed1d5b0,
0x000002297ed1c890, 0x000002297ed1a130, 0x000002297ed1e2d0, 0x000002297c7e13f0
}

Java Threads: ( => current thread )
  0x000002297396c5f0 JavaThread "main"                              [_thread_blocked, id=16808, stack(0x00000054f8200000,0x00000054f8300000) (1024K)]
  0x0000022973a13400 JavaThread "Reference Handler"          daemon [_thread_blocked, id=5344, stack(0x00000054f8600000,0x00000054f8700000) (1024K)]
  0x000002297391c040 JavaThread "Finalizer"                  daemon [_thread_blocked, id=14064, stack(0x00000054f8700000,0x00000054f8800000) (1024K)]
  0x0000022973a18fb0 JavaThread "Signal Dispatcher"          daemon [_thread_blocked, id=2664, stack(0x00000054f8800000,0x00000054f8900000) (1024K)]
=>0x0000022973a1b080 JavaThread "Attach Listener"            daemon [_thread_in_vm, id=14024, stack(0x00000054f8900000,0x00000054f8a00000) (1024K)]
  0x0000022973a1b710 JavaThread "Service Thread"             daemon [_thread_blocked, id=6124, stack(0x00000054f8a00000,0x00000054f8b00000) (1024K)]
  0x0000022973a19640 JavaThread "Monitor Deflation Thread"   daemon [_thread_blocked, id=9904, stack(0x00000054f8b00000,0x00000054f8c00000) (1024K)]
  0x000002297c6f4f60 JavaThread "C2 CompilerThread0"         daemon [_thread_blocked, id=6004, stack(0x00000054f8c00000,0x00000054f8d00000) (1024K)]
  0x000002297c6f8930 JavaThread "C1 CompilerThread0"         daemon [_thread_blocked, id=14020, stack(0x00000054f8d00000,0x00000054f8e00000) (1024K)]
  0x0000022973a1c430 JavaThread "Common-Cleaner"             daemon [_thread_blocked, id=7476, stack(0x00000054f9400000,0x00000054f9500000) (1024K)]
  0x0000022973a19cd0 JavaThread "Notification Thread"        daemon [_thread_blocked, id=12704, stack(0x00000054f9500000,0x00000054f9600000) (1024K)]
  0x0000022973a1a9f0 JavaThread "Active Thread: Equinox Container: 19315347-0ab1-4284-88cb-b1202627fcca"        [_thread_blocked, id=13720, stack(0x00000054f9d00000,0x00000054f9e00000) (1024K)]
  0x0000022973a1bda0 JavaThread "Refresh Thread: Equinox Container: 19315347-0ab1-4284-88cb-b1202627fcca" daemon [_thread_blocked, id=5300, stack(0x00000054f9100000,0x00000054f9200000) (1024K)]
  0x0000022973a1a360 JavaThread "Framework Event Dispatcher: Equinox Container: 19315347-0ab1-4284-88cb-b1202627fcca" daemon [_thread_blocked, id=12448, stack(0x00000054f9200000,0x00000054f9300000) (1024K)]
  0x000002297e0f97a0 JavaThread "Start Level: Equinox Container: 19315347-0ab1-4284-88cb-b1202627fcca" daemon [_thread_blocked, id=17404, stack(0x00000054f9000000,0x00000054f9100000) (1024K)]
  0x000002297e0f9e30 JavaThread "Bundle File Closer"         daemon [_thread_blocked, id=18104, stack(0x00000054f8f00000,0x00000054f9000000) (1024K)]
  0x000002297e0fd940 JavaThread "SCR Component Actor"        daemon [_thread_blocked, id=1772, stack(0x00000054f8000000,0x00000054f8100000) (1024K)]
  0x000002297e0fa4c0 JavaThread "Worker-JM"                         [_thread_blocked, id=17768, stack(0x00000054fa200000,0x00000054fa300000) (1024K)]
  0x000002297e0fc590 JavaThread "JNA Cleaner"                daemon [_thread_blocked, id=5980, stack(0x00000054fa300000,0x00000054fa400000) (1024K)]
  0x000002297e0fb870 JavaThread "Worker-0"                          [_thread_blocked, id=3936, stack(0x00000054fa400000,0x00000054fa500000) (1024K)]
  0x000002297e0fe660 JavaThread "Java indexing"              daemon [_thread_blocked, id=10172, stack(0x00000054faa00000,0x00000054fab00000) (1024K)]
  0x000002297e0fcc20 JavaThread "Worker-4"                          [_thread_blocked, id=15660, stack(0x00000054fad00000,0x00000054fae00000) (1024K)]
  0x000002297e0ff380 JavaThread "Thread-1"                   daemon [_thread_in_native, id=17208, stack(0x00000054faf00000,0x00000054fb000000) (1024K)]
  0x000002297e0fbf00 JavaThread "Thread-2"                   daemon [_thread_in_native, id=17024, stack(0x00000054fb000000,0x00000054fb100000) (1024K)]
  0x000002297e0ffa10 JavaThread "Thread-3"                   daemon [_thread_in_native, id=13104, stack(0x00000054fb100000,0x00000054fb200000) (1024K)]
  0x000002297e100730 JavaThread "Thread-4"                   daemon [_thread_in_native, id=11564, stack(0x00000054fb200000,0x00000054fb300000) (1024K)]
  0x000002297e1000a0 JavaThread "Thread-5"                   daemon [_thread_in_native, id=8328, stack(0x00000054fb300000,0x00000054fb400000) (1024K)]
  0x000002297e100dc0 JavaThread "Thread-6"                   daemon [_thread_in_native, id=13596, stack(0x00000054fb400000,0x00000054fb500000) (1024K)]
  0x000002297ed186f0 JavaThread "Thread-7"                   daemon [_thread_in_native, id=18108, stack(0x00000054fb500000,0x00000054fb600000) (1024K)]
  0x000002297ed18d80 JavaThread "Thread-8"                   daemon [_thread_in_native, id=3480, stack(0x00000054fb600000,0x00000054fb700000) (1024K)]
  0x000002297ed1a7c0 JavaThread "Thread-9"                   daemon [_thread_in_native, id=6156, stack(0x00000054fb700000,0x00000054fb800000) (1024K)]
  0x000002297ed19410 JavaThread "Thread-10"                  daemon [_thread_in_native, id=17424, stack(0x00000054fb800000,0x00000054fb900000) (1024K)]
  0x000002297ed1b4e0 JavaThread "Thread-11"                  daemon [_thread_in_native, id=17968, stack(0x00000054fb900000,0x00000054fba00000) (1024K)]
  0x000002297ed19aa0 JavaThread "Thread-12"                  daemon [_thread_in_native, id=7792, stack(0x00000054fba00000,0x00000054fbb00000) (1024K)]
  0x000002297ed18060 JavaThread "Thread-13"                  daemon [_thread_in_native, id=8392, stack(0x00000054fbb00000,0x00000054fbc00000) (1024K)]
  0x000002297ed1c200 JavaThread "Thread-14"                  daemon [_thread_in_native, id=14228, stack(0x00000054fbc00000,0x00000054fbd00000) (1024K)]
  0x000002297ed1bb70 JavaThread "Thread-15"                  daemon [_thread_in_native, id=14232, stack(0x00000054fbd00000,0x00000054fbe00000) (1024K)]
  0x000002297ed1cf20 JavaThread "Thread-16"                  daemon [_thread_in_native, id=14224, stack(0x00000054fbe00000,0x00000054fbf00000) (1024K)]
  0x000002297ed1ae50 JavaThread "Thread-17"                  daemon [_thread_in_native, id=16284, stack(0x00000054fbf00000,0x00000054fc000000) (1024K)]
  0x000002297ed1d5b0 JavaThread "pool-2-thread-1"                   [_thread_blocked, id=16844, stack(0x00000054fc000000,0x00000054fc100000) (1024K)]
  0x000002297ed1c890 JavaThread "WorkspaceEventsHandler"            [_thread_blocked, id=6016, stack(0x00000054fc100000,0x00000054fc200000) (1024K)]
  0x000002297ed1a130 JavaThread "pool-1-thread-1"                   [_thread_blocked, id=6428, stack(0x00000054fc200000,0x00000054fc300000) (1024K)]
  0x000002297ed1e2d0 JavaThread "PatternSearchJob-worker-1"  daemon [_thread_blocked, id=11452, stack(0x00000054fc300000,0x00000054fc400000) (1024K)]
  0x000002297c7e13f0 JavaThread "PatternSearchJob-worker-3"  daemon [_thread_blocked, id=5604, stack(0x00000054fc500000,0x00000054fc600000) (1024K)]
Total: 44

Other Threads:
  0x0000022973901d60 VMThread "VM Thread"                           [id=7252, stack(0x00000054f8500000,0x00000054f8600000) (1024K)]
  0x00000229737fca10 WatcherThread "VM Periodic Task Thread"        [id=14236, stack(0x00000054f8400000,0x00000054f8500000) (1024K)]
  0x000002297398a3e0 WorkerThread "GC Thread#0"                     [id=14036, stack(0x00000054f8300000,0x00000054f8400000) (1024K)]
  0x000002297e525630 WorkerThread "GC Thread#1"                     [id=15292, stack(0x00000054f9600000,0x00000054f9700000) (1024K)]
  0x000002297e7dc000 WorkerThread "GC Thread#2"                     [id=15160, stack(0x00000054f9700000,0x00000054f9800000) (1024K)]
  0x000002297e5259e0 WorkerThread "GC Thread#3"                     [id=8768, stack(0x00000054f9800000,0x00000054f9900000) (1024K)]
  0x000002297e525d90 WorkerThread "GC Thread#4"                     [id=14220, stack(0x00000054f9900000,0x00000054f9a00000) (1024K)]
  0x000002297e50e0c0 WorkerThread "GC Thread#5"                     [id=14112, stack(0x00000054f9a00000,0x00000054f9b00000) (1024K)]
  0x000002297e50e470 WorkerThread "GC Thread#6"                     [id=7424, stack(0x00000054f9b00000,0x00000054f9c00000) (1024K)]
  0x000002297e8ce180 WorkerThread "GC Thread#7"                     [id=13732, stack(0x00000054f9e00000,0x00000054f9f00000) (1024K)]
  0x000002297e887ba0 WorkerThread "GC Thread#8"                     [id=17944, stack(0x00000054f9300000,0x00000054f9400000) (1024K)]
  0x000002297e9c5a70 WorkerThread "GC Thread#9"                     [id=17948, stack(0x00000054f9c00000,0x00000054f9d00000) (1024K)]
  0x000002297c8173e0 WorkerThread "GC Thread#10"                    [id=17952, stack(0x00000054f9f00000,0x00000054fa000000) (1024K)]
  0x000002297eaa8020 WorkerThread "GC Thread#11"                    [id=8156, stack(0x00000054f8100000,0x00000054f8200000) (1024K)]
  0x000002297eaa83d0 WorkerThread "GC Thread#12"                    [id=11976, stack(0x00000054fa000000,0x00000054fa100000) (1024K)]
Total: 15

Threads with active compile tasks:
Total: 0

VM state: not at safepoint (normal execution)

VM Mutex/Monitor currently owned by a thread: None

Heap address: 0x0000000080000000, size: 2048 MB, Compressed Oops mode: 32-bit

CDS archive(s) mapped at: [0x000002290f000000-0x000002290fba0000-0x000002290fba0000), size 12189696, SharedBaseAddress: 0x000002290f000000, ArchiveRelocationMode: 1.
Compressed class space mapped at: 0x0000022910000000-0x0000022950000000, reserved size: 1073741824
Narrow klass base: 0x000002290f000000, Narrow klass shift: 0, Narrow klass range: 0x100000000

GC Precious Log:
 CardTable entry size: 512
 CPUs: 16 total, 16 available
 Memory: 16069M
 Large Page Support: Disabled
 NUMA Support: Disabled
 Compressed Oops: Enabled (32-bit)
 Alignments: Space 512K, Generation 512K, Heap 2M
 Heap Min Capacity: 100M
 Heap Initial Capacity: 100M
 Heap Max Capacity: 2G
 Pre-touch: Disabled
 Parallel Workers: 13

Heap:
 PSYoungGen      total 17408K, used 4769K [0x00000000d5580000, 0x00000000d6900000, 0x0000000100000000)
  eden space 15872K, 22% used [0x00000000d5580000,0x00000000d58eb8a8,0x00000000d6500000)
  from space 1536K, 82% used [0x00000000d6500000,0x00000000d663cbe8,0x00000000d6680000)
  to   space 2048K, 0% used [0x00000000d6700000,0x00000000d6700000,0x00000000d6900000)
 ParOldGen       total 68608K, used 44132K [0x0000000080000000, 0x0000000084300000, 0x00000000d5580000)
  object space 68608K, 64% used [0x0000000080000000,0x0000000082b19288,0x0000000084300000)
 Metaspace       used 60809K, committed 62208K, reserved 1114112K
  class space    used 6518K, committed 7104K, reserved 1048576K

Card table byte_map: [0x0000022973310000,0x0000022973720000] _byte_map_base: 0x0000022972f10000

Marking Bits: (ParMarkBitMap*) 0x00007ffc49464460
 Begin Bits: [0x0000022976e20000, 0x0000022978e20000)
 End Bits:   [0x0000022978e20000, 0x000002297ae20000)

Polling page: 0x00000229718d0000

Metaspace:

Usage:
  Non-class:     53.02 MB used.
      Class:      6.37 MB used.
       Both:     59.38 MB used.

Virtual space:
  Non-class space:       64.00 MB reserved,      53.81 MB ( 84%) committed,  1 nodes.
      Class space:        1.00 GB reserved,       6.94 MB ( <1%) committed,  1 nodes.
             Both:        1.06 GB reserved,      60.75 MB (  6%) committed. 

Chunk freelists:
   Non-Class:  10.04 MB
       Class:  9.04 MB
        Both:  19.08 MB

MaxMetaspaceSize: unlimited
CompressedClassSpaceSize: 1.00 GB
Initial GC threshold: 21.00 MB
Current GC threshold: 97.31 MB
CDS: on
 - commit_granule_bytes: 65536.
 - commit_granule_words: 8192.
 - virtual_space_node_default_size: 8388608.
 - enlarge_chunks_in_place: 1.
 - use_allocation_guard: 0.


Internal statistics:

num_allocs_failed_limit: 9.
num_arena_births: 996.
num_arena_deaths: 34.
num_vsnodes_births: 2.
num_vsnodes_deaths: 0.
num_space_committed: 972.
num_space_uncommitted: 0.
num_chunks_returned_to_freelist: 50.
num_chunks_taken_from_freelist: 3799.
num_chunk_merges: 13.
num_chunk_splits: 2331.
num_chunks_enlarged: 1354.
num_inconsistent_stats: 0.

CodeHeap 'non-profiled nmethods': size=119168Kb used=4514Kb max_used=4514Kb free=114653Kb
 bounds [0x0000022907ba0000, 0x0000022908010000, 0x000002290f000000]
CodeHeap 'profiled nmethods': size=119104Kb used=17046Kb max_used=17046Kb free=102057Kb
 bounds [0x0000022900000000, 0x00000229010b0000, 0x0000022907450000]
CodeHeap 'non-nmethods': size=7488Kb used=1428Kb max_used=3181Kb free=6059Kb
 bounds [0x0000022907450000, 0x00000229077c0000, 0x0000022907ba0000]
CodeCache: size=245760Kb, used=22988Kb, max_used=24741Kb, free=222769Kb
 total_blobs=8659, nmethods=7914, adapters=651, full_count=0
Compilation: enabled, stopped_count=0, restarted_count=0

Compilation events (20 events):
Event: 349.630 Thread 0x000002297c6f8930 nmethod 8671 0x00000229010a0910 code [0x00000229010a0ba0, 0x00000229010a1568]
Event: 349.630 Thread 0x000002297c6f8930 8672       3       org.eclipse.core.internal.filesystem.local.Win32Handler::isSet (13 bytes)
Event: 349.630 Thread 0x000002297c6f8930 nmethod 8672 0x00000229010a1990 code [0x00000229010a1b40, 0x00000229010a1c98]
Event: 349.655 Thread 0x000002297c6f8930 8673       3       org.eclipse.core.runtime.jobs.Job::getRule (5 bytes)
Event: 349.656 Thread 0x000002297c6f8930 nmethod 8673 0x00000229010a1d10 code [0x00000229010a1ea0, 0x00000229010a1fc0]
Event: 349.711 Thread 0x000002297c6f4f60 nmethod 8670 0x0000022908004c90 code [0x0000022908004f80, 0x0000022908006500]
Event: 349.712 Thread 0x000002297c6f4f60 8669       4       java.io.DataOutputStream::writeInt (28 bytes)
Event: 349.735 Thread 0x000002297c6f4f60 nmethod 8669 0x0000022908007410 code [0x0000022908007680, 0x0000022908007ee8]
Event: 349.819 Thread 0x000002297c6f8930 8674       1       org.eclipse.core.internal.dtree.AbstractDataTreeNode::getChildren (5 bytes)
Event: 349.819 Thread 0x000002297c6f8930 nmethod 8674 0x0000022908008790 code [0x0000022908008920, 0x00000229080089e8]
Event: 349.819 Thread 0x000002297c6f8930 8675       3       com.google.gson.internal.GsonTypes::getRawType (172 bytes)
Event: 349.825 Thread 0x000002297c6f8930 nmethod 8675 0x00000229010a2090 code [0x00000229010a2460, 0x00000229010a3e18]
Event: 534.735 Thread 0x000002297c6f8930 8676       3       jdk.internal.misc.Unsafe::freeMemory (18 bytes)
Event: 534.736 Thread 0x000002297c6f8930 nmethod 8676 0x00000229010a4410 code [0x00000229010a45e0, 0x00000229010a48c0]
Event: 534.736 Thread 0x000002297c6f8930 8677       3       jdk.internal.misc.Unsafe::freeMemoryChecks (7 bytes)
Event: 534.737 Thread 0x000002297c6f8930 nmethod 8677 0x00000229010a4a10 code [0x00000229010a4bc0, 0x00000229010a4dc0]
Event: 570.089 Thread 0x000002297c6f8930 8678       3       java.util.concurrent.ThreadPoolExecutor::isShutdown (12 bytes)
Event: 570.095 Thread 0x000002297c6f8930 nmethod 8678 0x00000229010a4e90 code [0x00000229010a5040, 0x00000229010a5220]
Event: 579.570 Thread 0x000002297c6f8930 8679       3       java.util.concurrent.locks.AbstractQueuedSynchronizer$ConditionObject::canReacquire (38 bytes)
Event: 579.570 Thread 0x000002297c6f8930 nmethod 8679 0x00000229010a5310 code [0x00000229010a54e0, 0x00000229010a5828]

GC Heap History (20 events):
Event: 46.832 GC heap before
{Heap before GC invocations=29 (full 2):
 PSYoungGen      total 20480K, used 20471K [0x00000000d5580000, 0x00000000d7500000, 0x0000000100000000)
  eden space 17920K, 100% used [0x00000000d5580000,0x00000000d6700000,0x00000000d6700000)
  from space 2560K, 99% used [0x00000000d6c80000,0x00000000d6efddf0,0x00000000d6f00000)
  to   space 5632K, 0% used [0x00000000d6700000,0x00000000d6700000,0x00000000d6c80000)
 ParOldGen       total 68608K, used 38959K [0x0000000080000000, 0x0000000084300000, 0x00000000d5580000)
  object space 68608K, 56% used [0x0000000080000000,0x000000008260be88,0x0000000084300000)
 Metaspace       used 51152K, committed 52224K, reserved 1114112K
  class space    used 5544K, committed 6016K, reserved 1048576K
}
Event: 46.837 GC heap after
{Heap after GC invocations=29 (full 2):
 PSYoungGen      total 18432K, used 512K [0x00000000d5580000, 0x00000000d6d00000, 0x0000000100000000)
  eden space 17920K, 0% used [0x00000000d5580000,0x00000000d5580000,0x00000000d6700000)
  from space 512K, 100% used [0x00000000d6700000,0x00000000d6780000,0x00000000d6780000)
  to   space 2560K, 0% used [0x00000000d6a80000,0x00000000d6a80000,0x00000000d6d00000)
 ParOldGen       total 68608K, used 41468K [0x0000000080000000, 0x0000000084300000, 0x00000000d5580000)
  object space 68608K, 60% used [0x0000000080000000,0x000000008287f1d8,0x0000000084300000)
 Metaspace       used 51152K, committed 52224K, reserved 1114112K
  class space    used 5544K, committed 6016K, reserved 1048576K
}
Event: 47.291 GC heap before
{Heap before GC invocations=30 (full 2):
 PSYoungGen      total 18432K, used 18432K [0x00000000d5580000, 0x00000000d6d00000, 0x0000000100000000)
  eden space 17920K, 100% used [0x00000000d5580000,0x00000000d6700000,0x00000000d6700000)
  from space 512K, 100% used [0x00000000d6700000,0x00000000d6780000,0x00000000d6780000)
  to   space 2560K, 0% used [0x00000000d6a80000,0x00000000d6a80000,0x00000000d6d00000)
 ParOldGen       total 68608K, used 41468K [0x0000000080000000, 0x0000000084300000, 0x00000000d5580000)
  object space 68608K, 60% used [0x0000000080000000,0x000000008287f1d8,0x0000000084300000)
 Metaspace       used 52111K, committed 53248K, reserved 1114112K
  class space    used 5628K, committed 6144K, reserved 1048576K
}
Event: 47.295 GC heap after
{Heap after GC invocations=30 (full 2):
 PSYoungGen      total 20480K, used 2050K [0x00000000d5580000, 0x00000000d6d00000, 0x0000000100000000)
  eden space 17920K, 0% used [0x00000000d5580000,0x00000000d5580000,0x00000000d6700000)
  from space 2560K, 80% used [0x00000000d6a80000,0x00000000d6c808f8,0x00000000d6d00000)
  to   space 2560K, 0% used [0x00000000d6800000,0x00000000d6800000,0x00000000d6a80000)
 ParOldGen       total 68608K, used 41732K [0x0000000080000000, 0x0000000084300000, 0x00000000d5580000)
  object space 68608K, 60% used [0x0000000080000000,0x00000000828c11d8,0x0000000084300000)
 Metaspace       used 52111K, committed 53248K, reserved 1114112K
  class space    used 5628K, committed 6144K, reserved 1048576K
}
Event: 47.423 GC heap before
{Heap before GC invocations=31 (full 2):
 PSYoungGen      total 20480K, used 19970K [0x00000000d5580000, 0x00000000d6d00000, 0x0000000100000000)
  eden space 17920K, 100% used [0x00000000d5580000,0x00000000d6700000,0x00000000d6700000)
  from space 2560K, 80% used [0x00000000d6a80000,0x00000000d6c808f8,0x00000000d6d00000)
  to   space 2560K, 0% used [0x00000000d6800000,0x00000000d6800000,0x00000000d6a80000)
 ParOldGen       total 68608K, used 41732K [0x0000000080000000, 0x0000000084300000, 0x00000000d5580000)
  object space 68608K, 60% used [0x0000000080000000,0x00000000828c11d8,0x0000000084300000)
 Metaspace       used 52130K, committed 53248K, reserved 1114112K
  class space    used 5628K, committed 6144K, reserved 1048576K
}
Event: 47.426 GC heap after
{Heap after GC invocations=31 (full 2):
 PSYoungGen      total 18944K, used 662K [0x00000000d5580000, 0x00000000d6b00000, 0x0000000100000000)
  eden space 17920K, 0% used [0x00000000d5580000,0x00000000d5580000,0x00000000d6700000)
  from space 1024K, 64% used [0x00000000d6800000,0x00000000d68a59e8,0x00000000d6900000)
  to   space 1536K, 0% used [0x00000000d6980000,0x00000000d6980000,0x00000000d6b00000)
 ParOldGen       total 68608K, used 42695K [0x0000000080000000, 0x0000000084300000, 0x00000000d5580000)
  object space 68608K, 62% used [0x0000000080000000,0x00000000829b1e78,0x0000000084300000)
 Metaspace       used 52130K, committed 53248K, reserved 1114112K
  class space    used 5628K, committed 6144K, reserved 1048576K
}
Event: 47.818 GC heap before
{Heap before GC invocations=32 (full 2):
 PSYoungGen      total 18944K, used 18582K [0x00000000d5580000, 0x00000000d6b00000, 0x0000000100000000)
  eden space 17920K, 100% used [0x00000000d5580000,0x00000000d6700000,0x00000000d6700000)
  from space 1024K, 64% used [0x00000000d6800000,0x00000000d68a59e8,0x00000000d6900000)
  to   space 1536K, 0% used [0x00000000d6980000,0x00000000d6980000,0x00000000d6b00000)
 ParOldGen       total 68608K, used 42695K [0x0000000080000000, 0x0000000084300000, 0x00000000d5580000)
  object space 68608K, 62% used [0x0000000080000000,0x00000000829b1e78,0x0000000084300000)
 Metaspace       used 53783K, committed 54912K, reserved 1114112K
  class space    used 5758K, committed 6272K, reserved 1048576K
}
Event: 47.820 GC heap after
{Heap after GC invocations=32 (full 2):
 PSYoungGen      total 18432K, used 496K [0x00000000d5580000, 0x00000000d6a00000, 0x0000000100000000)
  eden space 17920K, 0% used [0x00000000d5580000,0x00000000d5580000,0x00000000d6700000)
  from space 512K, 96% used [0x00000000d6980000,0x00000000d69fc010,0x00000000d6a00000)
  to   space 1024K, 0% used [0x00000000d6800000,0x00000000d6800000,0x00000000d6900000)
 ParOldGen       total 68608K, used 42719K [0x0000000080000000, 0x0000000084300000, 0x00000000d5580000)
  object space 68608K, 62% used [0x0000000080000000,0x00000000829b7e78,0x0000000084300000)
 Metaspace       used 53783K, committed 54912K, reserved 1114112K
  class space    used 5758K, committed 6272K, reserved 1048576K
}
Event: 48.478 GC heap before
{Heap before GC invocations=33 (full 2):
 PSYoungGen      total 18432K, used 18416K [0x00000000d5580000, 0x00000000d6a00000, 0x0000000100000000)
  eden space 17920K, 100% used [0x00000000d5580000,0x00000000d6700000,0x00000000d6700000)
  from space 512K, 96% used [0x00000000d6980000,0x00000000d69fc010,0x00000000d6a00000)
  to   space 1024K, 0% used [0x00000000d6800000,0x00000000d6800000,0x00000000d6900000)
 ParOldGen       total 68608K, used 42719K [0x0000000080000000, 0x0000000084300000, 0x00000000d5580000)
  object space 68608K, 62% used [0x0000000080000000,0x00000000829b7e78,0x0000000084300000)
 Metaspace       used 55667K, committed 56960K, reserved 1114112K
  class space    used 5969K, committed 6528K, reserved 1048576K
}
Event: 48.482 GC heap after
{Heap after GC invocations=33 (full 2):
 PSYoungGen      total 18944K, used 760K [0x00000000d5580000, 0x00000000d6a00000, 0x0000000100000000)
  eden space 17920K, 0% used [0x00000000d5580000,0x00000000d5580000,0x00000000d6700000)
  from space 1024K, 74% used [0x00000000d6800000,0x00000000d68be1d8,0x00000000d6900000)
  to   space 1024K, 0% used [0x00000000d6900000,0x00000000d6900000,0x00000000d6a00000)
 ParOldGen       total 68608K, used 42983K [0x0000000080000000, 0x0000000084300000, 0x00000000d5580000)
  object space 68608K, 62% used [0x0000000080000000,0x00000000829f9e98,0x0000000084300000)
 Metaspace       used 55667K, committed 56960K, reserved 1114112K
  class space    used 5969K, committed 6528K, reserved 1048576K
}
Event: 49.101 GC heap before
{Heap before GC invocations=34 (full 2):
 PSYoungGen      total 18944K, used 18679K [0x00000000d5580000, 0x00000000d6a00000, 0x0000000100000000)
  eden space 17920K, 99% used [0x00000000d5580000,0x00000000d66ffb90,0x00000000d6700000)
  from space 1024K, 74% used [0x00000000d6800000,0x00000000d68be1d8,0x00000000d6900000)
  to   space 1024K, 0% used [0x00000000d6900000,0x00000000d6900000,0x00000000d6a00000)
 ParOldGen       total 68608K, used 42983K [0x0000000080000000, 0x0000000084300000, 0x00000000d5580000)
  object space 68608K, 62% used [0x0000000080000000,0x00000000829f9e98,0x0000000084300000)
 Metaspace       used 58104K, committed 59456K, reserved 1114112K
  class space    used 6238K, committed 6848K, reserved 1048576K
}
Event: 49.105 GC heap after
{Heap after GC invocations=34 (full 2):
 PSYoungGen      total 18432K, used 999K [0x00000000d5580000, 0x00000000d6c00000, 0x0000000100000000)
  eden space 17408K, 0% used [0x00000000d5580000,0x00000000d5580000,0x00000000d6680000)
  from space 1024K, 97% used [0x00000000d6900000,0x00000000d69f9e18,0x00000000d6a00000)
  to   space 2560K, 0% used [0x00000000d6680000,0x00000000d6680000,0x00000000d6900000)
 ParOldGen       total 68608K, used 44057K [0x0000000080000000, 0x0000000084300000, 0x00000000d5580000)
  object space 68608K, 64% used [0x0000000080000000,0x0000000082b06790,0x0000000084300000)
 Metaspace       used 58104K, committed 59456K, reserved 1114112K
  class space    used 6238K, committed 6848K, reserved 1048576K
}
Event: 49.189 GC heap before
{Heap before GC invocations=35 (full 2):
 PSYoungGen      total 18432K, used 3625K [0x00000000d5580000, 0x00000000d6c00000, 0x0000000100000000)
  eden space 17408K, 15% used [0x00000000d5580000,0x00000000d5810978,0x00000000d6680000)
  from space 1024K, 97% used [0x00000000d6900000,0x00000000d69f9e18,0x00000000d6a00000)
  to   space 2560K, 0% used [0x00000000d6680000,0x00000000d6680000,0x00000000d6900000)
 ParOldGen       total 68608K, used 44057K [0x0000000080000000, 0x0000000084300000, 0x00000000d5580000)
  object space 68608K, 64% used [0x0000000080000000,0x0000000082b06790,0x0000000084300000)
 Metaspace       used 58475K, committed 59776K, reserved 1114112K
  class space    used 6274K, committed 6848K, reserved 1048576K
}
Event: 49.193 GC heap after
{Heap after GC invocations=35 (full 2):
 PSYoungGen      total 18432K, used 607K [0x00000000d5580000, 0x00000000d6a00000, 0x0000000100000000)
  eden space 17408K, 0% used [0x00000000d5580000,0x00000000d5580000,0x00000000d6680000)
  from space 1024K, 59% used [0x00000000d6680000,0x00000000d6717cc8,0x00000000d6780000)
  to   space 1536K, 0% used [0x00000000d6880000,0x00000000d6880000,0x00000000d6a00000)
 ParOldGen       total 68608K, used 44940K [0x0000000080000000, 0x0000000084300000, 0x00000000d5580000)
  object space 68608K, 65% used [0x0000000080000000,0x0000000082be31f8,0x0000000084300000)
 Metaspace       used 58475K, committed 59776K, reserved 1114112K
  class space    used 6274K, committed 6848K, reserved 1048576K
}
Event: 49.193 GC heap before
{Heap before GC invocations=36 (full 3):
 PSYoungGen      total 18432K, used 607K [0x00000000d5580000, 0x00000000d6a00000, 0x0000000100000000)
  eden space 17408K, 0% used [0x00000000d5580000,0x00000000d5580000,0x00000000d6680000)
  from space 1024K, 59% used [0x00000000d6680000,0x00000000d6717cc8,0x00000000d6780000)
  to   space 1536K, 0% used [0x00000000d6880000,0x00000000d6880000,0x00000000d6a00000)
 ParOldGen       total 68608K, used 44940K [0x0000000080000000, 0x0000000084300000, 0x00000000d5580000)
  object space 68608K, 65% used [0x0000000080000000,0x0000000082be31f8,0x0000000084300000)
 Metaspace       used 58475K, committed 59776K, reserved 1114112K
  class space    used 6274K, committed 6848K, reserved 1048576K
}
Event: 49.325 GC heap after
{Heap after GC invocations=36 (full 3):
 PSYoungGen      total 18432K, used 0K [0x00000000d5580000, 0x00000000d6a00000, 0x0000000100000000)
  eden space 17408K, 0% used [0x00000000d5580000,0x00000000d5580000,0x00000000d6680000)
  from space 1024K, 0% used [0x00000000d6680000,0x00000000d6680000,0x00000000d6780000)
  to   space 1536K, 0% used [0x00000000d6880000,0x00000000d6880000,0x00000000d6a00000)
 ParOldGen       total 68608K, used 41687K [0x0000000080000000, 0x0000000084300000, 0x00000000d5580000)
  object space 68608K, 60% used [0x0000000080000000,0x00000000828b5eb8,0x0000000084300000)
 Metaspace       used 58475K, committed 59776K, reserved 1114112K
  class space    used 6274K, committed 6848K, reserved 1048576K
}
Event: 49.675 GC heap before
{Heap before GC invocations=37 (full 3):
 PSYoungGen      total 18432K, used 17408K [0x00000000d5580000, 0x00000000d6a00000, 0x0000000100000000)
  eden space 17408K, 100% used [0x00000000d5580000,0x00000000d6680000,0x00000000d6680000)
  from space 1024K, 0% used [0x00000000d6680000,0x00000000d6680000,0x00000000d6780000)
  to   space 1536K, 0% used [0x00000000d6880000,0x00000000d6880000,0x00000000d6a00000)
 ParOldGen       total 68608K, used 41687K [0x0000000080000000, 0x0000000084300000, 0x00000000d5580000)
  object space 68608K, 60% used [0x0000000080000000,0x00000000828b5eb8,0x0000000084300000)
 Metaspace       used 59564K, committed 60928K, reserved 1114112K
  class space    used 6389K, committed 6976K, reserved 1048576K
}
Event: 49.680 GC heap after
{Heap after GC invocations=37 (full 3):
 PSYoungGen      total 17408K, used 1530K [0x00000000d5580000, 0x00000000d6d80000, 0x0000000100000000)
  eden space 15872K, 0% used [0x00000000d5580000,0x00000000d5580000,0x00000000d6500000)
  from space 1536K, 99% used [0x00000000d6880000,0x00000000d69feb98,0x00000000d6a00000)
  to   space 3584K, 0% used [0x00000000d6500000,0x00000000d6500000,0x00000000d6880000)
 ParOldGen       total 68608K, used 43157K [0x0000000080000000, 0x0000000084300000, 0x00000000d5580000)
  object space 68608K, 62% used [0x0000000080000000,0x0000000082a25460,0x0000000084300000)
 Metaspace       used 59564K, committed 60928K, reserved 1114112K
  class space    used 6389K, committed 6976K, reserved 1048576K
}
Event: 62.592 GC heap before
{Heap before GC invocations=38 (full 3):
 PSYoungGen      total 17408K, used 17402K [0x00000000d5580000, 0x00000000d6d80000, 0x0000000100000000)
  eden space 15872K, 100% used [0x00000000d5580000,0x00000000d6500000,0x00000000d6500000)
  from space 1536K, 99% used [0x00000000d6880000,0x00000000d69feb98,0x00000000d6a00000)
  to   space 3584K, 0% used [0x00000000d6500000,0x00000000d6500000,0x00000000d6880000)
 ParOldGen       total 68608K, used 43157K [0x0000000080000000, 0x0000000084300000, 0x00000000d5580000)
  object space 68608K, 62% used [0x0000000080000000,0x0000000082a25460,0x0000000084300000)
 Metaspace       used 60681K, committed 62080K, reserved 1114112K
  class space    used 6499K, committed 7104K, reserved 1048576K
}
Event: 62.597 GC heap after
{Heap after GC invocations=38 (full 3):
 PSYoungGen      total 17408K, used 1266K [0x00000000d5580000, 0x00000000d6900000, 0x0000000100000000)
  eden space 15872K, 0% used [0x00000000d5580000,0x00000000d5580000,0x00000000d6500000)
  from space 1536K, 82% used [0x00000000d6500000,0x00000000d663cbe8,0x00000000d6680000)
  to   space 2048K, 0% used [0x00000000d6700000,0x00000000d6700000,0x00000000d6900000)
 ParOldGen       total 68608K, used 44132K [0x0000000080000000, 0x0000000084300000, 0x00000000d5580000)
  object space 68608K, 64% used [0x0000000080000000,0x0000000082b19288,0x0000000084300000)
 Metaspace       used 60681K, committed 62080K, reserved 1114112K
  class space    used 6499K, committed 7104K, reserved 1048576K
}

Dll operation events (10 events):
Event: 0.014 Loaded shared library c:\Users\Asus\.vscode\extensions\redhat.java-1.55.0-win32-x64\jre\21.0.11-win32-x86_64\bin\java.dll
Event: 0.079 Loaded shared library c:\Users\Asus\.vscode\extensions\redhat.java-1.55.0-win32-x64\jre\21.0.11-win32-x86_64\bin\zip.dll
Event: 0.111 Loaded shared library C:\Users\Asus\.vscode\extensions\redhat.java-1.55.0-win32-x64\jre\21.0.11-win32-x86_64\bin\instrument.dll
Event: 0.117 Loaded shared library C:\Users\Asus\.vscode\extensions\redhat.java-1.55.0-win32-x64\jre\21.0.11-win32-x86_64\bin\net.dll
Event: 0.170 Loaded shared library C:\Users\Asus\.vscode\extensions\redhat.java-1.55.0-win32-x64\jre\21.0.11-win32-x86_64\bin\nio.dll
Event: 0.173 Loaded shared library C:\Users\Asus\.vscode\extensions\redhat.java-1.55.0-win32-x64\jre\21.0.11-win32-x86_64\bin\zip.dll
Event: 0.204 Loaded shared library C:\Users\Asus\.vscode\extensions\redhat.java-1.55.0-win32-x64\jre\21.0.11-win32-x86_64\bin\jimage.dll
Event: 0.357 Loaded shared library c:\Users\Asus\.vscode\extensions\redhat.java-1.55.0-win32-x64\jre\21.0.11-win32-x86_64\bin\verify.dll
Event: 12.705 Loaded shared library C:\Users\Asus\AppData\Roaming\Code\User\globalStorage\redhat.java\1.55.0\config_win\org.eclipse.equinox.launcher\org.eclipse.equinox.launcher.win32.win32.x86_64_1.3.100.v20260613-0559\eclipse_11924.dll
Event: 35.922 Loaded shared library C:\Users\Asus\AppData\Local\Temp\jna-2050672\jna14653638018602026569.dll

Deoptimization events (20 events):
Event: 349.509 Thread 0x000002297e0fb870 Uncommon trap: trap_request=0xffffffde fr.pc=0x0000022907fef034 relative=0x0000000000000d34
Event: 349.509 Thread 0x000002297e0fb870 Uncommon trap: reason=class_check action=maybe_recompile pc=0x0000022907fef034 method=java.io.DataOutputStream.write([BII)V @ 7 c2
Event: 349.509 Thread 0x000002297e0fb870 DEOPT PACKING pc=0x0000022907fef034 sp=0x00000054fa4fe940
Event: 349.509 Thread 0x000002297e0fb870 DEOPT UNPACKING pc=0x00000229074a3aa2 sp=0x00000054fa4fe880 mode 2
Event: 349.509 Thread 0x000002297e0fb870 Uncommon trap: trap_request=0xffffffc6 fr.pc=0x0000022907feb434 relative=0x0000000000000af4
Event: 349.509 Thread 0x000002297e0fb870 Uncommon trap: reason=bimorphic_or_optimized_type_check action=maybe_recompile pc=0x0000022907feb434 method=java.io.DataOutputStream.writeInt(I)V @ 19 c2
Event: 349.509 Thread 0x000002297e0fb870 DEOPT PACKING pc=0x0000022907feb434 sp=0x00000054fa4fe890
Event: 349.509 Thread 0x000002297e0fb870 DEOPT UNPACKING pc=0x00000229074a3aa2 sp=0x00000054fa4fe888 mode 2
Event: 349.509 Thread 0x000002297e0fb870 Uncommon trap: trap_request=0xffffffc6 fr.pc=0x0000022907feb434 relative=0x0000000000000af4
Event: 349.509 Thread 0x000002297e0fb870 Uncommon trap: reason=bimorphic_or_optimized_type_check action=maybe_recompile pc=0x0000022907feb434 method=java.io.DataOutputStream.writeInt(I)V @ 19 c2
Event: 349.509 Thread 0x000002297e0fb870 DEOPT PACKING pc=0x0000022907feb434 sp=0x00000054fa4fe820
Event: 349.510 Thread 0x000002297e0fb870 DEOPT UNPACKING pc=0x00000229074a3aa2 sp=0x00000054fa4fe818 mode 2
Event: 349.528 Thread 0x000002297e0fb870 Uncommon trap: trap_request=0xffffff45 fr.pc=0x0000022907d35348 relative=0x00000000000001a8
Event: 349.528 Thread 0x000002297e0fb870 Uncommon trap: reason=unstable_if action=reinterpret pc=0x0000022907d35348 method=jdk.internal.org.objectweb.asm.Frame.push(I)V @ 26 c2
Event: 349.528 Thread 0x000002297e0fb870 DEOPT PACKING pc=0x0000022907d35348 sp=0x00000054fa4fd390
Event: 349.528 Thread 0x000002297e0fb870 DEOPT UNPACKING pc=0x00000229074a3aa2 sp=0x00000054fa4fd318 mode 2
Event: 349.564 Thread 0x000002297e0fb870 Uncommon trap: trap_request=0xffffffde fr.pc=0x0000022907fe8df4 relative=0x0000000000000df4
Event: 349.564 Thread 0x000002297e0fb870 Uncommon trap: reason=class_check action=maybe_recompile pc=0x0000022907fe8df4 method=java.io.DataOutputStream.write([BII)V @ 7 c2
Event: 349.564 Thread 0x000002297e0fb870 DEOPT PACKING pc=0x0000022907fe8df4 sp=0x00000054fa4fe6d0
Event: 349.565 Thread 0x000002297e0fb870 DEOPT UNPACKING pc=0x00000229074a3aa2 sp=0x00000054fa4fe600 mode 2

Classes loaded (20 events):
Event: 349.296 Loading class java/util/stream/Nodes$CollectorTask$OfRef
Event: 349.310 Loading class java/util/stream/Nodes$CollectorTask
Event: 349.330 Loading class java/util/stream/Nodes$CollectorTask done
Event: 349.330 Loading class java/util/stream/Nodes$CollectorTask$OfRef done
Event: 349.334 Loading class java/util/function/LongFunction
Event: 349.336 Loading class java/util/function/LongFunction done
Event: 349.344 Loading class java/util/stream/Nodes$ConcNode
Event: 349.350 Loading class java/util/stream/Nodes$AbstractConcNode
Event: 349.356 Loading class java/util/stream/Nodes$AbstractConcNode done
Event: 349.356 Loading class java/util/stream/Nodes$ConcNode done
Event: 349.364 Loading class java/util/stream/Nodes$ToArrayTask$OfRef
Event: 349.372 Loading class java/util/stream/Nodes$ToArrayTask
Event: 349.377 Loading class java/util/stream/Nodes$ToArrayTask done
Event: 349.377 Loading class java/util/stream/Nodes$ToArrayTask$OfRef done
Event: 349.402 Loading class java/io/ObjectOutputStream$BlockDataOutputStream
Event: 349.415 Loading class java/io/ObjectOutputStream$BlockDataOutputStream done
Event: 349.415 Loading class java/io/ObjectOutputStream$HandleTable
Event: 349.420 Loading class java/io/ObjectOutputStream$HandleTable done
Event: 349.420 Loading class java/io/ObjectOutputStream$ReplaceTable
Event: 349.424 Loading class java/io/ObjectOutputStream$ReplaceTable done

Classes unloaded (17 events):
Event: 37.267 Thread 0x0000022973901d60 Unloading class 0x00000229101a5000 'java/lang/invoke/LambdaForm$MH+0x00000229101a5000'
Event: 37.267 Thread 0x0000022973901d60 Unloading class 0x00000229101a4c00 'java/lang/invoke/LambdaForm$MH+0x00000229101a4c00'
Event: 37.267 Thread 0x0000022973901d60 Unloading class 0x00000229101a4800 'java/lang/invoke/LambdaForm$MH+0x00000229101a4800'
Event: 37.267 Thread 0x0000022973901d60 Unloading class 0x00000229101a4400 'java/lang/invoke/LambdaForm$MH+0x00000229101a4400'
Event: 37.267 Thread 0x0000022973901d60 Unloading class 0x00000229101a4000 'java/lang/invoke/LambdaForm$BMH+0x00000229101a4000'
Event: 37.267 Thread 0x0000022973901d60 Unloading class 0x00000229101a3c00 'java/lang/invoke/LambdaForm$DMH+0x00000229101a3c00'
Event: 37.267 Thread 0x0000022973901d60 Unloading class 0x00000229101a2800 'java/lang/invoke/LambdaForm$DMH+0x00000229101a2800'
Event: 39.568 Thread 0x0000022973901d60 Unloading class 0x0000022910317800 'java/lang/invoke/LambdaForm$MH+0x0000022910317800'
Event: 39.568 Thread 0x0000022973901d60 Unloading class 0x0000022910316c00 'java/lang/invoke/LambdaForm$MH+0x0000022910316c00'
Event: 39.568 Thread 0x0000022973901d60 Unloading class 0x0000022910316400 'java/lang/invoke/LambdaForm$MH+0x0000022910316400'
Event: 39.568 Thread 0x0000022973901d60 Unloading class 0x0000022910315c00 'java/lang/invoke/LambdaForm$MH+0x0000022910315c00'
Event: 39.568 Thread 0x0000022973901d60 Unloading class 0x0000022910315800 'java/lang/invoke/LambdaForm$DMH+0x0000022910315800'
Event: 39.568 Thread 0x0000022973901d60 Unloading class 0x0000022910311800 'java/lang/invoke/LambdaForm$MH+0x0000022910311800'
Event: 39.568 Thread 0x0000022973901d60 Unloading class 0x0000022910311000 'java/lang/invoke/LambdaForm$MH+0x0000022910311000'
Event: 39.568 Thread 0x0000022973901d60 Unloading class 0x0000022910310800 'java/lang/invoke/LambdaForm$MH+0x0000022910310800'
Event: 39.568 Thread 0x0000022973901d60 Unloading class 0x0000022910310000 'java/lang/invoke/LambdaForm$MH+0x0000022910310000'
Event: 39.568 Thread 0x0000022973901d60 Unloading class 0x0000022910309c00 'java/lang/invoke/LambdaForm$MH+0x0000022910309c00'

Classes redefined (0 events):
No events

Internal exceptions (20 events):
Event: 49.738 Thread 0x000002297e0fab50 Exception <a 'java/io/FileNotFoundException'{0x00000000d58e1938}> (0x00000000d58e1938) 
thrown [s\src\hotspot\share\prims\jni.cpp, line 520]
Event: 49.739 Thread 0x000002297e0fab50 Exception <a 'java/io/FileNotFoundException'{0x00000000d58e26a8}> (0x00000000d58e26a8) 
thrown [s\src\hotspot\share\prims\jni.cpp, line 520]
Event: 49.747 Thread 0x000002297e0fab50 Exception <a 'sun/nio/fs/WindowsException'{0x00000000d59159c0}> (0x00000000d59159c0) 
thrown [s\src\hotspot\share\prims\jni.cpp, line 520]
Event: 49.748 Thread 0x000002297e0fab50 Exception <a 'sun/nio/fs/WindowsException'{0x00000000d5915ff0}> (0x00000000d5915ff0) 
thrown [s\src\hotspot\share\prims\jni.cpp, line 520]
Event: 49.749 Thread 0x000002297e0fab50 Exception <a 'sun/nio/fs/WindowsException'{0x00000000d5916e78}> (0x00000000d5916e78) 
thrown [s\src\hotspot\share\prims\jni.cpp, line 520]
Event: 49.750 Thread 0x000002297e0fab50 Exception <a 'sun/nio/fs/WindowsException'{0x00000000d59174a8}> (0x00000000d59174a8) 
thrown [s\src\hotspot\share\prims\jni.cpp, line 520]
Event: 49.831 Thread 0x000002297e0fab50 Exception <a 'sun/nio/fs/WindowsException'{0x00000000d5a29470}> (0x00000000d5a29470) 
thrown [s\src\hotspot\share\prims\jni.cpp, line 520]
Event: 49.831 Thread 0x000002297e0fab50 Exception <a 'sun/nio/fs/WindowsException'{0x00000000d5a29aa0}> (0x00000000d5a29aa0) 
thrown [s\src\hotspot\share\prims\jni.cpp, line 520]
Event: 50.083 Thread 0x000002297c7e5c20 Exception <a 'sun/nio/fs/WindowsException'{0x00000000d5bb6ba0}> (0x00000000d5bb6ba0) 
thrown [s\src\hotspot\share\prims\jni.cpp, line 520]
Event: 50.083 Thread 0x000002297c7e5c20 Exception <a 'sun/nio/fs/WindowsException'{0x00000000d5bb7480}> (0x00000000d5bb7480) 
thrown [s\src\hotspot\share\prims\jni.cpp, line 520]
Event: 50.085 Thread 0x000002297c7e5c20 Exception <a 'sun/nio/fs/WindowsException'{0x00000000d5bb8398}> (0x00000000d5bb8398) 
thrown [s\src\hotspot\share\prims\jni.cpp, line 520]
Event: 50.085 Thread 0x000002297c7e5c20 Exception <a 'sun/nio/fs/WindowsException'{0x00000000d5bb8c78}> (0x00000000d5bb8c78) 
thrown [s\src\hotspot\share\prims\jni.cpp, line 520]
Event: 50.089 Thread 0x000002297c7e5c20 Exception <a 'sun/nio/fs/WindowsException'{0x00000000d5bba298}> (0x00000000d5bba298) 
thrown [s\src\hotspot\share\prims\jni.cpp, line 520]
Event: 50.090 Thread 0x000002297c7e5c20 Exception <a 'sun/nio/fs/WindowsException'{0x00000000d5bbab78}> (0x00000000d5bbab78) 
thrown [s\src\hotspot\share\prims\jni.cpp, line 520]
Event: 50.093 Thread 0x000002297c7e5c20 Exception <a 'sun/nio/fs/WindowsException'{0x00000000d5bbba68}> (0x00000000d5bbba68) 
thrown [s\src\hotspot\share\prims\jni.cpp, line 520]
Event: 50.094 Thread 0x000002297c7e5c20 Exception <a 'sun/nio/fs/WindowsException'{0x00000000d5bbc098}> (0x00000000d5bbc098) 
thrown [s\src\hotspot\share\prims\jni.cpp, line 520]
Event: 50.264 Thread 0x000002297c7e5c20 Exception <a 'java/lang/NoSuchMethodError'{0x00000000d5db4360}: 'java.lang.Object java.lang.invoke.DirectMethodHandle$Holder.invokeStaticInit(java.lang.Object, java.lang.Object, java.lang.Object)'> (0x00000000d5db4360) 
thrown [s\src\hotspot\share\interpreter\linkResolver.cpp, line 773]
Event: 54.649 Thread 0x000002297ed1a130 Exception <a 'java/lang/IncompatibleClassChangeError'{0x00000000d642e948}: Found class java.lang.Object, but interface was expected> (0x00000000d642e948) 
thrown [s\src\hotspot\share\interpreter\linkResolver.cpp, line 840]
Event: 54.658 Thread 0x000002297c7e5c20 Exception <a 'java/lang/ArrayIndexOutOfBoundsException'{0x00000000d647de70}> (0x00000000d647de70) 
thrown [s\src\hotspot\share\runtime\sharedRuntime.cpp, line 625]
Event: 349.546 Thread 0x000002297e0fb870 Exception <a 'java/lang/NoSuchMethodError'{0x00000000d58922a0}: 'java.lang.Object java.lang.invoke.DirectMethodHandle$Holder.newInvokeSpecial(java.lang.Object, java.lang.Object, java.lang.Object, java.lang.Object, java.lang.Object, java.lang.Object, java.lang.Object, java.lang.Object)'> (0x00000000d58922a0) 
thrown [s\src\hotspot\share\interpreter\linkResolver.cpp, line 773]

ZGC Phase Switch (0 events):
No events

VM Operations (20 events):
Event: 62.592 Executing safepoint VM operation: ParallelGCFailedAllocation (Allocation Failure)
Event: 62.597 Executing safepoint VM operation: ParallelGCFailedAllocation (Allocation Failure) done
Event: 63.603 Executing safepoint VM operation: Cleanup
Event: 63.603 Executing safepoint VM operation: Cleanup done
Event: 120.463 Executing non-safepoint VM operation: HandshakeAllThreads (HandshakeForDeflation)
Event: 120.464 Executing non-safepoint VM operation: HandshakeAllThreads (HandshakeForDeflation) done
Event: 120.464 Executing non-safepoint VM operation: RendezvousGCThreads
Event: 120.464 Executing non-safepoint VM operation: RendezvousGCThreads done
Event: 330.408 Executing safepoint VM operation: Cleanup
Event: 330.409 Executing safepoint VM operation: Cleanup done
Event: 333.447 Executing safepoint VM operation: Cleanup
Event: 333.448 Executing safepoint VM operation: Cleanup done
Event: 349.573 Executing safepoint VM operation: Cleanup
Event: 349.574 Executing safepoint VM operation: Cleanup done
Event: 351.577 Executing safepoint VM operation: Cleanup
Event: 351.579 Executing safepoint VM operation: Cleanup done
Event: 360.927 Executing non-safepoint VM operation: HandshakeAllThreads (HandshakeForDeflation)
Event: 360.927 Executing non-safepoint VM operation: HandshakeAllThreads (HandshakeForDeflation) done
Event: 360.927 Executing non-safepoint VM operation: RendezvousGCThreads
Event: 360.927 Executing non-safepoint VM operation: RendezvousGCThreads done

Memory protections (0 events):
No events

Nmethod flushes (20 events):
Event: 49.249 Thread 0x0000022973901d60 flushing osr nmethod 0x000002290094d790
Event: 49.249 Thread 0x0000022973901d60 flushing  nmethod 0x0000022900969d10
Event: 49.249 Thread 0x0000022973901d60 flushing  nmethod 0x000002290096ac10
Event: 49.249 Thread 0x0000022973901d60 flushing  nmethod 0x000002290096d890
Event: 49.249 Thread 0x0000022973901d60 flushing  nmethod 0x0000022900970d90
Event: 49.249 Thread 0x0000022973901d60 flushing  nmethod 0x000002290099f710
Event: 49.249 Thread 0x0000022973901d60 flushing  nmethod 0x000002290099fe10
Event: 49.249 Thread 0x0000022973901d60 flushing  nmethod 0x00000229009a0410
Event: 49.249 Thread 0x0000022973901d60 flushing  nmethod 0x00000229009a1390
Event: 49.249 Thread 0x0000022973901d60 flushing  nmethod 0x00000229009a1c10
Event: 49.249 Thread 0x0000022973901d60 flushing  nmethod 0x00000229009a7410
Event: 49.249 Thread 0x0000022973901d60 flushing  nmethod 0x00000229009bc910
Event: 49.249 Thread 0x0000022973901d60 flushing  nmethod 0x00000229009c4010
Event: 49.249 Thread 0x0000022973901d60 flushing  nmethod 0x00000229009eab90
Event: 49.249 Thread 0x0000022973901d60 flushing  nmethod 0x00000229009eb010
Event: 49.249 Thread 0x0000022973901d60 flushing  nmethod 0x00000229009eb590
Event: 49.249 Thread 0x0000022973901d60 flushing  nmethod 0x00000229009ebb90
Event: 49.249 Thread 0x0000022973901d60 flushing  nmethod 0x00000229009ed110
Event: 49.249 Thread 0x0000022973901d60 flushing  nmethod 0x00000229009ee590
Event: 49.249 Thread 0x0000022973901d60 flushing  nmethod 0x0000022900a1ac90

Events (20 events):
Event: 110.004 Thread 0x000002297e0fab50 Thread exited: 0x000002297e0fab50
Event: 110.814 Thread 0x000002297c7e27a0 Thread exited: 0x000002297c7e27a0
Event: 110.814 Thread 0x000002297e0fb1e0 Thread exited: 0x000002297e0fb1e0
Event: 110.814 Thread 0x000002297e0fdfd0 Thread exited: 0x000002297e0fdfd0
Event: 114.667 Thread 0x000002297c7e5c20 Thread exited: 0x000002297c7e5c20
Event: 174.683 Thread 0x000002297c7e2110 Thread exited: 0x000002297c7e2110
Event: 234.684 Thread 0x000002297c7e3b50 Thread exited: 0x000002297c7e3b50
Event: 294.699 Thread 0x000002297c7e34c0 Thread exited: 0x000002297c7e34c0
Event: 349.161 Thread 0x000002297c7e1a80 Thread exited: 0x000002297c7e1a80
Event: 349.260 Thread 0x000002297e0fb870 Thread added: 0x000002297c7e2110
Event: 349.360 Thread 0x000002297c7e2110 Thread added: 0x000002297c7e1a80
Event: 349.363 Thread 0x000002297c7e2110 Thread added: 0x000002297c7e27a0
Event: 349.379 Thread 0x000002297c7e2110 Thread exited: 0x000002297c7e2110
Event: 349.379 Thread 0x000002297c7e27a0 Thread exited: 0x000002297c7e27a0
Event: 349.380 Thread 0x000002297c7e1a80 Thread exited: 0x000002297c7e1a80
Event: 349.749 Thread 0x000002297ed1eff0 Thread exited: 0x000002297ed1eff0
Event: 354.699 Thread 0x000002297c7e0040 Thread exited: 0x000002297c7e0040
Event: 414.707 Thread 0x000002297c7df9b0 Thread exited: 0x000002297c7df9b0
Event: 474.720 Thread 0x000002297c7e2e30 Thread exited: 0x000002297c7e2e30
Event: 534.736 Thread 0x000002297c7e06d0 Thread exited: 0x000002297c7e06d0


Dynamic libraries:
0x00007ff6aed20000 - 0x00007ff6aed2e000 	c:\Users\Asus\.vscode\extensions\redhat.java-1.55.0-win32-x64\jre\21.0.11-win32-x86_64\bin\java.exe
0x00007ffcb50a0000 - 0x00007ffcb5306000 	C:\WINDOWS\SYSTEM32\ntdll.dll
0x00007ffcb3e70000 - 0x00007ffcb3f39000 	C:\WINDOWS\System32\KERNEL32.DLL
0x00007ffcb24f0000 - 0x00007ffcb28ef000 	C:\WINDOWS\System32\KERNELBASE.dll
0x00007ffcb22b0000 - 0x00007ffcb23fc000 	C:\WINDOWS\System32\ucrtbase.dll
0x00007ffc8b1b0000 - 0x00007ffc8b1c8000 	c:\Users\Asus\.vscode\extensions\redhat.java-1.55.0-win32-x64\jre\21.0.11-win32-x86_64\bin\jli.dll
0x00007ffc8b190000 - 0x00007ffc8b1ae000 	c:\Users\Asus\.vscode\extensions\redhat.java-1.55.0-win32-x64\jre\21.0.11-win32-x86_64\bin\VCRUNTIME140.dll
0x00007ffcb4e20000 - 0x00007ffcb4fe6000 	C:\WINDOWS\System32\USER32.dll
0x00007ffc98340000 - 0x00007ffc985d1000 	C:\WINDOWS\WinSxS\amd64_microsoft.windows.common-controls_6595b64144ccf1df_6.0.26100.8972_none_3e0da176e32f9d4b\COMCTL32.dll
0x00007ffcb24c0000 - 0x00007ffcb24e7000 	C:\WINDOWS\System32\win32u.dll
0x00007ffcb3750000 - 0x00007ffcb37f9000 	C:\WINDOWS\System32\msvcrt.dll
0x00007ffcb4180000 - 0x00007ffcb41ab000 	C:\WINDOWS\System32\GDI32.dll
0x00007ffcb2a80000 - 0x00007ffcb2ba9000 	C:\WINDOWS\System32\gdi32full.dll
0x00007ffcb2410000 - 0x00007ffcb24b3000 	C:\WINDOWS\System32\msvcp_win.dll
0x00007ffcb4d70000 - 0x00007ffcb4da2000 	C:\WINDOWS\System32\IMM32.DLL
0x00007ffcac2e0000 - 0x00007ffcac2ec000 	c:\Users\Asus\.vscode\extensions\redhat.java-1.55.0-win32-x64\jre\21.0.11-win32-x86_64\bin\vcruntime140_1.dll
0x00007ffc89600000 - 0x00007ffc8968d000 	c:\Users\Asus\.vscode\extensions\redhat.java-1.55.0-win32-x64\jre\21.0.11-win32-x86_64\bin\msvcp140.dll
0x00007ffc487a0000 - 0x00007ffc49542000 	c:\Users\Asus\.vscode\extensions\redhat.java-1.55.0-win32-x64\jre\21.0.11-win32-x86_64\bin\server\jvm.dll
0x00007ffcb3320000 - 0x00007ffcb33dc000 	C:\WINDOWS\System32\ADVAPI32.dll
0x00007ffcb36a0000 - 0x00007ffcb374a000 	C:\WINDOWS\System32\sechost.dll
0x00007ffcb33f0000 - 0x00007ffcb3508000 	C:\WINDOWS\System32\RPCRT4.dll
0x00007ffcb3290000 - 0x00007ffcb3312000 	C:\WINDOWS\System32\WS2_32.dll
0x00007ffcb2130000 - 0x00007ffcb218e000 	C:\WINDOWS\SYSTEM32\POWRPROF.dll
0x00007ffca4680000 - 0x00007ffca46b6000 	C:\WINDOWS\SYSTEM32\WINMM.dll
0x00007ffc993c0000 - 0x00007ffc993cb000 	C:\WINDOWS\SYSTEM32\VERSION.dll
0x00007ffcb2110000 - 0x00007ffcb2125000 	C:\WINDOWS\SYSTEM32\UMPDC.dll
0x00007ffcb0fa0000 - 0x00007ffcb0fbb000 	C:\WINDOWS\SYSTEM32\kernel.appcore.dll
0x00007ffc8b180000 - 0x00007ffc8b18a000 	c:\Users\Asus\.vscode\extensions\redhat.java-1.55.0-win32-x64\jre\21.0.11-win32-x86_64\bin\jimage.dll
0x00007ffcaf850000 - 0x00007ffcafa92000 	C:\WINDOWS\SYSTEM32\DBGHELP.DLL
0x00007ffcb49e0000 - 0x00007ffcb4d65000 	C:\WINDOWS\System32\combase.dll
0x00007ffcb2fb0000 - 0x00007ffcb3089000 	C:\WINDOWS\System32\OLEAUT32.dll
0x00007ffc95210000 - 0x00007ffc9524b000 	C:\WINDOWS\SYSTEM32\dbgcore.DLL
0x00007ffcb2900000 - 0x00007ffcb29ac000 	C:\WINDOWS\System32\bcryptPrimitives.dll
0x00007ffc8b170000 - 0x00007ffc8b17f000 	c:\Users\Asus\.vscode\extensions\redhat.java-1.55.0-win32-x64\jre\21.0.11-win32-x86_64\bin\instrument.dll
0x00007ffc89e00000 - 0x00007ffc89e20000 	c:\Users\Asus\.vscode\extensions\redhat.java-1.55.0-win32-x64\jre\21.0.11-win32-x86_64\bin\java.dll
0x00007ffcb4250000 - 0x00007ffcb49d8000 	C:\WINDOWS\System32\SHELL32.dll
0x00007ffcafd30000 - 0x00007ffcb05cb000 	C:\WINDOWS\SYSTEM32\windows.storage.dll
0x00007ffcb3510000 - 0x00007ffcb3609000 	C:\WINDOWS\System32\SHCORE.dll
0x00007ffcb4db0000 - 0x00007ffcb4e16000 	C:\WINDOWS\System32\shlwapi.dll
0x00007ffcb21d0000 - 0x00007ffcb21f9000 	C:\WINDOWS\SYSTEM32\profapi.dll
0x00007ffc89de0000 - 0x00007ffc89df8000 	c:\Users\Asus\.vscode\extensions\redhat.java-1.55.0-win32-x64\jre\21.0.11-win32-x86_64\bin\zip.dll
0x00007ffc8a800000 - 0x00007ffc8a810000 	C:\Users\Asus\.vscode\extensions\redhat.java-1.55.0-win32-x64\jre\21.0.11-win32-x86_64\bin\net.dll
0x00007ffca7ce0000 - 0x00007ffca7e08000 	C:\WINDOWS\SYSTEM32\WINHTTP.dll
0x00007ffcb1550000 - 0x00007ffcb15bc000 	C:\WINDOWS\system32\mswsock.dll
0x00007ffc89d70000 - 0x00007ffc89d86000 	C:\Users\Asus\.vscode\extensions\redhat.java-1.55.0-win32-x64\jre\21.0.11-win32-x86_64\bin\nio.dll
0x00007ffc895c0000 - 0x00007ffc895d0000 	c:\Users\Asus\.vscode\extensions\redhat.java-1.55.0-win32-x64\jre\21.0.11-win32-x86_64\bin\verify.dll
0x00007ffc890e0000 - 0x00007ffc89125000 	C:\Users\Asus\AppData\Roaming\Code\User\globalStorage\redhat.java\1.55.0\config_win\org.eclipse.equinox.launcher\org.eclipse.equinox.launcher.win32.win32.x86_64_1.3.100.v20260613-0559\eclipse_11924.dll
0x00007ffcb3090000 - 0x00007ffcb3229000 	C:\WINDOWS\System32\ole32.dll
0x00007ffcb1840000 - 0x00007ffcb185b000 	C:\WINDOWS\SYSTEM32\CRYPTSP.dll
0x00007ffcb0f00000 - 0x00007ffcb0f39000 	C:\WINDOWS\system32\rsaenh.dll
0x00007ffcb1600000 - 0x00007ffcb1632000 	C:\WINDOWS\SYSTEM32\USERENV.dll
0x00007ffcb21a0000 - 0x00007ffcb21ca000 	C:\WINDOWS\SYSTEM32\bcrypt.dll
0x00007ffcb1860000 - 0x00007ffcb186c000 	C:\WINDOWS\SYSTEM32\CRYPTBASE.dll
0x00007ffcb0930000 - 0x00007ffcb0963000 	C:\WINDOWS\SYSTEM32\IPHLPAPI.DLL
0x00007ffcb3280000 - 0x00007ffcb328a000 	C:\WINDOWS\System32\NSI.dll
0x00007ffc88ff0000 - 0x00007ffc89039000 	C:\Users\Asus\AppData\Local\Temp\jna-2050672\jna14653638018602026569.dll
0x00007ffcb41b0000 - 0x00007ffcb41b8000 	C:\WINDOWS\System32\PSAPI.DLL
0x00007ffca82c0000 - 0x00007ffca82dd000 	C:\WINDOWS\SYSTEM32\dhcpcsvc6.DLL
0x00007ffca8290000 - 0x00007ffca82b5000 	C:\WINDOWS\SYSTEM32\dhcpcsvc.DLL

JVMTI agents:
c:\Users\Asus\.vscode\extensions\redhat.java-1.55.0-win32-x64\lombok\lombok-1.18.39-4050.jar path:c:\Users\Asus\.vscode\extensions\redhat.java-1.55.0-win32-x64\jre\21.0.11-win32-x86_64\bin\instrument.dll, loaded, initialized, instrumentlib options:none

dbghelp: loaded successfully - version: 4.0.5 - missing functions: none
symbol engine: initialized successfully - sym options: 0x614 - pdb path: .;c:\Users\Asus\.vscode\extensions\redhat.java-1.55.0-win32-x64\jre\21.0.11-win32-x86_64\bin;C:\WINDOWS\SYSTEM32;C:\WINDOWS\WinSxS\amd64_microsoft.windows.common-controls_6595b64144ccf1df_6.0.26100.8972_none_3e0da176e32f9d4b;c:\Users\Asus\.vscode\extensions\redhat.java-1.55.0-win32-x64\jre\21.0.11-win32-x86_64\bin\server;C:\Users\Asus\AppData\Roaming\Code\User\globalStorage\redhat.java\1.55.0\config_win\org.eclipse.equinox.launcher\org.eclipse.equinox.launcher.win32.win32.x86_64_1.3.100.v20260613-0559;C:\Users\Asus\AppData\Local\Temp\jna-2050672

VM Arguments:
jvm_args: --add-modules=ALL-SYSTEM --add-opens=java.base/java.util=ALL-UNNAMED --add-opens=java.base/java.lang=ALL-UNNAMED --add-opens=java.base/sun.nio.fs=ALL-UNNAMED -Declipse.application=org.eclipse.jdt.ls.core.id1 -Dosgi.bundles.defaultStartLevel=4 -Declipse.product=org.eclipse.jdt.ls.core.product -Djava.import.generatesMetadataFilesAtProjectRoot=false -DDetectVMInstallationsJob.disabled=true -Dfile.encoding=utf8 -XX:+UseParallelGC -XX:GCTimeRatio=4 -XX:AdaptiveSizePolicyWeight=90 -Dsun.zip.disableMemoryMapping=true -Xmx2G -Xms100m -Xlog:disable -javaagent:c:\Users\Asus\.vscode\extensions\redhat.java-1.55.0-win32-x64\lombok\lombok-1.18.39-4050.jar -XX:+HeapDumpOnOutOfMemoryError -XX:HeapDumpPath=c:\Users\Asus\AppData\Roaming\Code\User\workspaceStorage\f8a3ee798ec4186917ff6778aadb489c\redhat.java -Daether.dependencyCollector.impl=bf 
java_command: c:\Users\Asus\.vscode\extensions\redhat.java-1.55.0-win32-x64\server\plugins\org.eclipse.equinox.launcher_1.7.200.v20260619-2039.jar -configuration c:\Users\Asus\AppData\Roaming\Code\User\globalStorage\redhat.java\1.55.0\config_win -data c:\Users\Asus\AppData\Roaming\Code\User\workspaceStorage\f8a3ee798ec4186917ff6778aadb489c\redhat.java\jdt_ws --pipe=\\.\pipe\lsp-ed198640171c45ca883f8db8e77980af-sock
java_class_path (initial): c:\Users\Asus\.vscode\extensions\redhat.java-1.55.0-win32-x64\server\plugins\org.eclipse.equinox.launcher_1.7.200.v20260619-2039.jar
Launcher Type: SUN_STANDARD

[Global flags]
    uintx AdaptiveSizePolicyWeight                 = 90                                        {product} {command line}
     intx CICompilerCount                          = 12                                        {product} {ergonomic}
    uintx GCTimeRatio                              = 4                                         {product} {command line}
     bool HeapDumpOnOutOfMemoryError               = true                                   {manageable} {command line}
    ccstr HeapDumpPath                             = c:\Users\Asus\AppData\Roaming\Code\User\workspaceStorage\f8a3ee798ec4186917ff6778aadb489c\redhat.java         {manageable} {command line}
   size_t InitialHeapSize                          = 104857600                                 {product} {command line}
   size_t MaxHeapSize                              = 2147483648                                {product} {command line}
   size_t MaxNewSize                               = 715653120                                 {product} {ergonomic}
   size_t MinHeapDeltaBytes                        = 524288                                    {product} {ergonomic}
   size_t MinHeapSize                              = 104857600                                 {product} {command line}
   size_t NewSize                                  = 34603008                                  {product} {ergonomic}
    uintx NonNMethodCodeHeapSize                   = 7602480                                {pd product} {ergonomic}
    uintx NonProfiledCodeHeapSize                  = 122027880                              {pd product} {ergonomic}
   size_t OldSize                                  = 70254592                                  {product} {ergonomic}
    uintx ProfiledCodeHeapSize                     = 122027880                              {pd product} {ergonomic}
    uintx ReservedCodeCacheSize                    = 251658240                              {pd product} {ergonomic}
     bool SegmentedCodeCache                       = true                                      {product} {ergonomic}
   size_t SoftMaxHeapSize                          = 2147483648                             {manageable} {ergonomic}
     bool UseCompressedOops                        = true                           {product lp64_product} {ergonomic}
     bool UseLargePagesIndividualAllocation        = false                                  {pd product} {ergonomic}
     bool UseParallelGC                            = true                                      {product} {command line}

Logging:
Log output configuration:
 #0: stdout all=off uptime,level,tags foldmultilines=false
 #1: stderr all=off uptime,level,tags foldmultilines=false

Release file:
JAVA_VERSION="21.0.11" 
MODULES="java.base java.compiler java.datatransfer java.xml java.prefs java.desktop java.instrument java.logging java.management java.security.sasl java.naming java.rmi java.management.rmi java.net.http java.scripting java.security.jgss java.transaction.xa java.sql java.sql.rowset java.xml.crypto java.se java.smartcardio jdk.accessibility jdk.internal.jvmstat jdk.attach jdk.charsets jdk.internal.opt jdk.zipfs jdk.compiler jdk.crypto.ec jdk.crypto.cryptoki jdk.crypto.mscapi jdk.dynalink jdk.internal.ed jdk.editpad jdk.hotspot.agent jdk.httpserver jdk.internal.le jdk.internal.vm.ci jdk.internal.vm.compiler jdk.internal.vm.compiler.management jdk.jartool jdk.javadoc jdk.jcmd jdk.management jdk.management.agent jdk.jconsole jdk.jdeps jdk.jdwp.agent jdk.jdi jdk.jfr jdk.jshell jdk.jsobject jdk.jstatd jdk.localedata jdk.management.jfr jdk.naming.dns jdk.naming.rmi jdk.net jdk.nio.mapmode jdk.random jdk.sctp jdk.security.auth jdk.security.jgss jdk.unsupported jdk.unsupported.desktop jdk.xml.dom" 

Environment Variables:
PATH=C:\Program Files\Common Files\Oracle\Java\javapath;C:\WINDOWS\system32;C:\WINDOWS;C:\WINDOWS\System32\Wbem;C:\WINDOWS\System32\WindowsPowerShell\v1.0\;C:\WINDOWS\System32\OpenSSH\;C:\MinGW\bin;C:\Program Files\nodejs\;C:\Program Files\Java\jdk-24\bin;C:\Program Files\Docker\Docker\resources\bin;C:\Program Files\Git\cmd;C:\Users\Asus\AppData\Local\Programs\Python\Python313\Scripts\;C:\Users\Asus\AppData\Local\Programs\Python\Python313\;C:\Users\Asus\AppData\Local\Programs\Python\Python312\Scripts\;C:\Users\Asus\AppData\Local\Programs\Python\Python312\;C:\Users\Asus\AppData\Local\Programs\Python\Launcher\;C:\Users\Asus\AppData\Local\Microsoft\WindowsApps;C:\Users\Asus\AppData\Local\Programs\Microsoft VS Code\bin;C:\Program Files\JetBrains\PyCharm 2024.3.1\bin;;C:\Program Files\JetBrains\PyCharm Community Edition 2024.3.1\bin;;C:\Program Files\nodejs;C:\Users\Asus\AppData\Roaming\npm
USERNAME=Asus
OS=Windows_NT
PROCESSOR_IDENTIFIER=Intel64 Family 6 Model 154 Stepping 3, GenuineIntel
TMP=C:\Users\Asus\AppData\Local\Temp
TEMP=C:\Users\Asus\AppData\Local\Temp




Periodic native trim disabled

---------------  S Y S T E M  ---------------

OS:
 Windows 11 , 64 bit Build 26100 (10.0.26100.9168)
OS uptime: 0 days 0:15 hours
Hyper-V role detected

CPU: total 16 (initial active 16) (8 cores per cpu, 2 threads per core) family 6 model 154 stepping 3 microcode 0x42c, cx8, cmov, fxsr, ht, mmx, 3dnowpref, sse, sse2, sse3, ssse3, sse4.1, sse4.2, popcnt, lzcnt, tsc, tscinvbit, avx, avx2, aes, erms, clmul, bmi1, bmi2, adx, sha, fma, vzeroupper, clflush, clflushopt, clwb, hv, serialize, rdtscp, rdpid, fsrm, f16c, cet_ibt, cet_ss
Processor Information for processor 0
  Max Mhz: 2500, Current Mhz: 1532, Mhz Limit: 2500
Processor Information for processor 1
  Max Mhz: 2500, Current Mhz: 2500, Mhz Limit: 2500
Processor Information for processor 2
  Max Mhz: 2500, Current Mhz: 2500, Mhz Limit: 2500
Processor Information for processor 3
  Max Mhz: 2500, Current Mhz: 2500, Mhz Limit: 2500
Processor Information for processor 4
  Max Mhz: 2500, Current Mhz: 1532, Mhz Limit: 2500
Processor Information for processor 5
  Max Mhz: 2500, Current Mhz: 1532, Mhz Limit: 2500
Processor Information for processor 6
  Max Mhz: 2500, Current Mhz: 2500, Mhz Limit: 2500
Processor Information for processor 7
  Max Mhz: 2500, Current Mhz: 1532, Mhz Limit: 2500
Processor Information for processor 8
  Max Mhz: 2500, Current Mhz: 1500, Mhz Limit: 1800
Processor Information for processor 9
  Max Mhz: 2500, Current Mhz: 1500, Mhz Limit: 1800
Processor Information for processor 10
  Max Mhz: 2500, Current Mhz: 1500, Mhz Limit: 1800
Processor Information for processor 11
  Max Mhz: 2500, Current Mhz: 1800, Mhz Limit: 1800
Processor Information for processor 12
  Max Mhz: 2500, Current Mhz: 1500, Mhz Limit: 1800
Processor Information for processor 13
  Max Mhz: 2500, Current Mhz: 1500, Mhz Limit: 1800
Processor Information for processor 14
  Max Mhz: 2500, Current Mhz: 1500, Mhz Limit: 1800
Processor Information for processor 15
  Max Mhz: 2500, Current Mhz: 1500, Mhz Limit: 1800

Memory: 4k page, system-wide physical 16069M (77M free)
TotalPageFile size 38412M (AvailPageFile size 0M)
current process WorkingSet (physical memory assigned to process): 58M, peak: 288M
current process commit charge ("private bytes"): 340M, peak: 399M

vm_info: OpenJDK 64-Bit Server VM (21.0.11+10-LTS) for windows-amd64 JRE (21.0.11+10-LTS), built on 2026-04-21T00:00:00Z by "admin" with MS VC++ 17.12 (VS2022)

END.
