#
# There is insufficient memory for the Java Runtime Environment to continue.
# Native memory allocation (malloc) failed to allocate 32744 bytes. Error detail: Chunk::new
# Possible reasons:
#   The system is out of physical RAM or swap space
#   This process is running with CompressedOops enabled, and the Java Heap may be blocking the growth of the native heap
# Possible solutions:
#   Reduce memory load on the system
#   Increase physical memory or swap space
#   Check if swap backing store is full
#   Decrease Java heap size (-Xmx/-Xms)
#   Decrease number of Java threads
#   Decrease Java thread stack sizes (-Xss)
#   Set larger code cache with -XX:ReservedCodeCacheSize=
#   JVM is running with Unscaled Compressed Oops mode in which the Java heap is
#     placed in the first 4GB address space. The Java Heap base address is the
#     maximum limit for the native heap growth. Please use -XX:HeapBaseMinAddress
#     to set the Java Heap base and to place the Java Heap above 4GB virtual address.
# This output file may be truncated or incomplete.
#
#  Out of Memory Error (arena.cpp:168), pid=16084, tid=10472
#
# JRE version: OpenJDK Runtime Environment Temurin-21.0.11+10 (21.0.11+10) (build 21.0.11+10-LTS)
# Java VM: OpenJDK 64-Bit Server VM Temurin-21.0.11+10 (21.0.11+10-LTS, mixed mode, sharing, tiered, compressed oops, compressed class ptrs, parallel gc, windows-amd64)
# No core dump will be written. Minidumps are not enabled by default on client versions of Windows
#

---------------  S U M M A R Y ------------

Command Line: --add-modules=ALL-SYSTEM --add-opens=java.base/java.util=ALL-UNNAMED --add-opens=java.base/java.lang=ALL-UNNAMED --add-opens=java.base/sun.nio.fs=ALL-UNNAMED -Declipse.application=org.eclipse.jdt.ls.core.id1 -Dosgi.bundles.defaultStartLevel=4 -Declipse.product=org.eclipse.jdt.ls.core.product -Djava.import.generatesMetadataFilesAtProjectRoot=false -DDetectVMInstallationsJob.disabled=true -Dfile.encoding=utf8 -XX:+UseParallelGC -XX:GCTimeRatio=4 -XX:AdaptiveSizePolicyWeight=90 -Dsun.zip.disableMemoryMapping=true -Xmx2G -Xms100m -Xlog:disable -javaagent:c:\Users\Asus\.vscode\extensions\redhat.java-1.55.0-win32-x64\lombok\lombok-1.18.39-4050.jar -XX:+HeapDumpOnOutOfMemoryError -XX:HeapDumpPath=c:\Users\Asus\AppData\Roaming\Code\User\workspaceStorage\f8a3ee798ec4186917ff6778aadb489c\redhat.java -Daether.dependencyCollector.impl=bf c:\Users\Asus\.vscode\extensions\redhat.java-1.55.0-win32-x64\server\plugins\org.eclipse.equinox.launcher_1.7.200.v20260619-2039.jar -configuration c:\Users\Asus\AppData\Roaming\Code\User\globalStorage\redhat.java\1.55.0\config_win -data c:\Users\Asus\AppData\Roaming\Code\User\workspaceStorage\f8a3ee798ec4186917ff6778aadb489c\redhat.java\jdt_ws --pipe=\\.\pipe\lsp-90c44f37c126778b009b83f4a24be650-sock

Host: 12th Gen Intel(R) Core(TM) i5-12500H, 16 cores, 15G,  Windows 11 , 64 bit Build 26100 (10.0.26100.9168)
Time: Wed Aug 19 01:28:44 2026 India Standard Time elapsed time: 19.490126 seconds (0d 0h 0m 19s)

---------------  T H R E A D  ---------------

Current thread (0x0000026c6f716720):  JavaThread "C1 CompilerThread0" daemon [_thread_in_native, id=10472, stack(0x000000d7c3500000,0x000000d7c3600000) (1024K)]


Current CompileTask:
C1:19490 3262       3       java.lang.Class::arrayContentsEq (70 bytes)

Stack: [0x000000d7c3500000,0x000000d7c3600000]
Native frames: (J=compiled Java code, j=interpreted, Vv=VM code, C=native code)
V  [jvm.dll+0x6d7e19]
V  [jvm.dll+0x8b5096]
V  [jvm.dll+0x8b764e]
V  [jvm.dll+0x8b7d33]
V  [jvm.dll+0x284596]
V  [jvm.dll+0xc685d]
V  [jvm.dll+0xc6da1]
V  [jvm.dll+0x286220]
V  [jvm.dll+0x156ef4]
V  [jvm.dll+0x1563fc]
V  [jvm.dll+0x15818d]
V  [jvm.dll+0x25baad]
V  [jvm.dll+0x25a03a]
V  [jvm.dll+0x3f868e]
V  [jvm.dll+0x85fb0d]
V  [jvm.dll+0x6d664d]
C  [ucrtbase.dll+0x2cd30]
C  [KERNEL32.DLL+0x2ccb7]
C  [ntdll.dll+0xaad6c]


---------------  P R O C E S S  ---------------

Threads class SMR info:
_java_thread_list=0x0000026c6f78b650, length=19, elements={
0x0000026c5795d490, 0x0000026c57a03400, 0x0000026c5790c2f0, 0x0000026c57a072a0,
0x0000026c57a08180, 0x0000026c57a0c3a0, 0x0000026c57a0ed30, 0x0000026c57a18b10,
0x0000026c6f716720, 0x0000026c6f8cfbf0, 0x0000026c6fa322e0, 0x0000026c6fa5e880,
0x0000026c757fe480, 0x0000026c75acb560, 0x0000026c756192f0, 0x0000026c75f8cb60,
0x0000026c764019b0, 0x0000026c759f4280, 0x0000026c75de3ff0
}

Java Threads: ( => current thread )
  0x0000026c5795d490 JavaThread "main"                              [_thread_blocked, id=17008, stack(0x000000d7c2a00000,0x000000d7c2b00000) (1024K)]
  0x0000026c57a03400 JavaThread "Reference Handler"          daemon [_thread_blocked, id=13928, stack(0x000000d7c2e00000,0x000000d7c2f00000) (1024K)]
  0x0000026c5790c2f0 JavaThread "Finalizer"                  daemon [_thread_blocked, id=12880, stack(0x000000d7c2f00000,0x000000d7c3000000) (1024K)]
  0x0000026c57a072a0 JavaThread "Signal Dispatcher"          daemon [_thread_blocked, id=15924, stack(0x000000d7c3000000,0x000000d7c3100000) (1024K)]
  0x0000026c57a08180 JavaThread "Attach Listener"            daemon [_thread_blocked, id=3024, stack(0x000000d7c3100000,0x000000d7c3200000) (1024K)]
  0x0000026c57a0c3a0 JavaThread "Service Thread"             daemon [_thread_blocked, id=3176, stack(0x000000d7c3200000,0x000000d7c3300000) (1024K)]
  0x0000026c57a0ed30 JavaThread "Monitor Deflation Thread"   daemon [_thread_blocked, id=6012, stack(0x000000d7c3300000,0x000000d7c3400000) (1024K)]
  0x0000026c57a18b10 JavaThread "C2 CompilerThread0"         daemon [_thread_in_native, id=13812, stack(0x000000d7c3400000,0x000000d7c3500000) (1024K)]
=>0x0000026c6f716720 JavaThread "C1 CompilerThread0"         daemon [_thread_in_native, id=10472, stack(0x000000d7c3500000,0x000000d7c3600000) (1024K)]
  0x0000026c6f8cfbf0 JavaThread "Common-Cleaner"             daemon [_thread_blocked, id=13092, stack(0x000000d7c3600000,0x000000d7c3700000) (1024K)]
  0x0000026c6fa322e0 JavaThread "Notification Thread"        daemon [_thread_blocked, id=17720, stack(0x000000d7c3700000,0x000000d7c3800000) (1024K)]
  0x0000026c6fa5e880 JavaThread "Active Thread: Equinox Container: 9289bb82-2be3-4d4a-ad7b-18feac732199"        [_thread_blocked, id=11972, stack(0x000000d7c3e00000,0x000000d7c3f00000) (1024K)]
  0x0000026c757fe480 JavaThread "Refresh Thread: Equinox Container: 9289bb82-2be3-4d4a-ad7b-18feac732199" daemon [_thread_blocked, id=12936, stack(0x000000d7c4000000,0x000000d7c4100000) (1024K)]
  0x0000026c75acb560 JavaThread "Framework Event Dispatcher: Equinox Container: 9289bb82-2be3-4d4a-ad7b-18feac732199" daemon [_thread_blocked, id=5568, stack(0x000000d7c4100000,0x000000d7c4200000) (1024K)]
  0x0000026c756192f0 JavaThread "Start Level: Equinox Container: 9289bb82-2be3-4d4a-ad7b-18feac732199" daemon [_thread_blocked, id=17380, stack(0x000000d7c4200000,0x000000d7c4300000) (1024K)]
  0x0000026c75f8cb60 JavaThread "Bundle File Closer"         daemon [_thread_blocked, id=14940, stack(0x000000d7c4600000,0x000000d7c4700000) (1024K)]
  0x0000026c764019b0 JavaThread "SCR Component Actor"        daemon [_thread_blocked, id=10168, stack(0x000000d7c4700000,0x000000d7c4800000) (1024K)]
  0x0000026c759f4280 JavaThread "Worker-JM"                         [_thread_blocked, id=18424, stack(0x000000d7c4800000,0x000000d7c4900000) (1024K)]
  0x0000026c75de3ff0 JavaThread "JNA Cleaner"                daemon [_thread_blocked, id=11828, stack(0x000000d7c4b00000,0x000000d7c4c00000) (1024K)]
Total: 19

Other Threads:
  0x0000026c579feb70 VMThread "VM Thread"                           [id=16888, stack(0x000000d7c2d00000,0x000000d7c2e00000) (1024K)] _threads_hazard_ptr=0x0000026c6f78b650
  0x0000026c577eca00 WatcherThread "VM Periodic Task Thread"        [id=10492, stack(0x000000d7c2c00000,0x000000d7c2d00000) (1024K)]
  0x0000026c5797b680 WorkerThread "GC Thread#0"                     [id=6728, stack(0x000000d7c2b00000,0x000000d7c2c00000) (1024K)]
  0x0000026c751f0250 WorkerThread "GC Thread#1"                     [id=5476, stack(0x000000d7c3800000,0x000000d7c3900000) (1024K)]
  0x0000026c754690e0 WorkerThread "GC Thread#2"                     [id=13932, stack(0x000000d7c3900000,0x000000d7c3a00000) (1024K)]
  0x0000026c75282fb0 WorkerThread "GC Thread#3"                     [id=5152, stack(0x000000d7c3a00000,0x000000d7c3b00000) (1024K)]
  0x0000026c752780c0 WorkerThread "GC Thread#4"                     [id=3496, stack(0x000000d7c3b00000,0x000000d7c3c00000) (1024K)]
  0x0000026c7514caa0 WorkerThread "GC Thread#5"                     [id=16468, stack(0x000000d7c3c00000,0x000000d7c3d00000) (1024K)]
  0x0000026c752a64f0 WorkerThread "GC Thread#6"                     [id=14288, stack(0x000000d7c3d00000,0x000000d7c3e00000) (1024K)]
  0x0000026c752a6140 WorkerThread "GC Thread#7"                     [id=9028, stack(0x000000d7c3f00000,0x000000d7c4000000) (1024K)]
  0x0000026c752a68a0 WorkerThread "GC Thread#8"                     [id=10196, stack(0x000000d7c4300000,0x000000d7c4400000) (1024K)]
  0x0000026c752a6c50 WorkerThread "GC Thread#9"                     [id=17540, stack(0x000000d7c4400000,0x000000d7c4500000) (1024K)]
  0x0000026c752a7000 WorkerThread "GC Thread#10"                    [id=10520, stack(0x000000d7c4500000,0x000000d7c4600000) (1024K)]
  0x0000026c752a59e0 WorkerThread "GC Thread#11"                    [id=13976, stack(0x000000d7c4900000,0x000000d7c4a00000) (1024K)]
  0x0000026c751b12d0 WorkerThread "GC Thread#12"                    [id=11204, stack(0x000000d7c4a00000,0x000000d7c4b00000) (1024K)]
Total: 15

Threads with active compile tasks:
C2 CompilerThread0  21531 3253       4       java.lang.invoke.MethodType::makeImpl (109 bytes)
C1 CompilerThread0  21531 3262       3       java.lang.Class::arrayContentsEq (70 bytes)
Total: 2

VM state: synchronizing (normal execution)

VM Mutex/Monitor currently owned by a thread:  ([mutex/lock_event])
[0x00007ffc4945f570] Threads_lock - owner thread: 0x0000026c579feb70

Heap address: 0x0000000080000000, size: 2048 MB, Compressed Oops mode: 32-bit

CDS archive(s) mapped at: [0x0000026c00000000-0x0000026c00ba0000-0x0000026c00ba0000), size 12189696, SharedBaseAddress: 0x0000026c00000000, ArchiveRelocationMode: 1.
Compressed class space mapped at: 0x0000026c01000000-0x0000026c41000000, reserved size: 1073741824
Narrow klass base: 0x0000026c00000000, Narrow klass shift: 0, Narrow klass range: 0x100000000

GC Precious Log:
 CardTable entry size: 512
 CPUs: 16 total, 16 available
 Memory: 16069M
 Large Page Support: Disabled
 NUMA Support: Disabled
 Compressed Oops: Enabled (32-bit)
 Alignments: Space 512K, Generation 512K, Heap 2M
 Heap Min Capacity: 100M
 Heap Initial Capacity: 100M
 Heap Max Capacity: 2G
 Pre-touch: Disabled
 Parallel Workers: 13

Heap:
 PSYoungGen      total 29696K, used 12751K [0x00000000d5580000, 0x00000000d7680000, 0x0000000100000000)
  eden space 25600K, 33% used [0x00000000d5580000,0x00000000d5df7578,0x00000000d6e80000)
  from space 4096K, 99% used [0x00000000d6e80000,0x00000000d727c6d8,0x00000000d7280000)
  to   space 4096K, 0% used [0x00000000d7280000,0x00000000d7280000,0x00000000d7680000)
 ParOldGen       total 68608K, used 8150K [0x0000000080000000, 0x0000000084300000, 0x00000000d5580000)
  object space 68608K, 11% used [0x0000000080000000,0x00000000807f5a28,0x0000000084300000)
 Metaspace       used 16977K, committed 17600K, reserved 1114112K
  class space    used 1772K, committed 1984K, reserved 1048576K

Card table byte_map: [0x0000026c57300000,0x0000026c57710000] _byte_map_base: 0x0000026c56f00000

Marking Bits: (ParMarkBitMap*) 0x00007ffc49464460
 Begin Bits: [0x0000026c69e10000, 0x0000026c6be10000)
 End Bits:   [0x0000026c6be10000, 0x0000026c6de10000)

Polling page: 0x0000026c55520000

Metaspace:

Usage:
  Non-class:     14.85 MB used.
      Class:      1.73 MB used.
       Both:     16.58 MB used.

Virtual space:
  Non-class space:       64.00 MB reserved,      15.25 MB ( 24%) committed,  1 nodes.
      Class space:        1.00 GB reserved,       1.94 MB ( <1%) committed,  1 nodes.
             Both:        1.06 GB reserved,      17.19 MB (  2%) committed. 

Chunk freelists:
   Non-Class:  358.00 KB
       Class:  13.88 MB
        Both:  14.23 MB

MaxMetaspaceSize: unlimited
CompressedClassSpaceSize: 1.00 GB
Initial GC threshold: 21.00 MB
Current GC threshold: 21.00 MB
CDS: on
 - commit_granule_bytes: 65536.
 - commit_granule_words: 8192.
 - virtual_space_node_default_size: 8388608.
 - enlarge_chunks_in_place: 1.
 - use_allocation_guard: 0.


Internal statistics:

num_allocs_failed_limit: 0.
num_arena_births: 474.
num_arena_deaths: 0.
num_vsnodes_births: 2.
num_vsnodes_deaths: 0.
num_space_committed: 275.
num_space_uncommitted: 0.
num_chunks_returned_to_freelist: 0.
num_chunks_taken_from_freelist: 1072.
num_chunk_merges: 0.
num_chunk_splits: 683.
num_chunks_enlarged: 437.
num_inconsistent_stats: 0.

CodeHeap 'non-profiled nmethods': size=119168Kb used=1286Kb max_used=1286Kb free=117882Kb
 bounds [0x0000026c62700000, 0x0000026c62970000, 0x0000026c69b60000]
CodeHeap 'profiled nmethods': size=119104Kb used=6682Kb max_used=6682Kb free=112421Kb
 bounds [0x0000026c5ab60000, 0x0000026c5b1f0000, 0x0000026c61fb0000]
CodeHeap 'non-nmethods': size=7488Kb used=1277Kb max_used=1292Kb free=6210Kb
 bounds [0x0000026c61fb0000, 0x0000026c62220000, 0x0000026c62700000]
CodeCache: size=245760Kb, used=9245Kb, max_used=9260Kb, free=236513Kb
 total_blobs=3810, nmethods=3257, adapters=459, full_count=0
Compilation: enabled, stopped_count=0, restarted_count=0

Compilation events (20 events):
Event: 13.386 Thread 0x0000026c57a18b10 nmethod 3248 0x0000026c62840c10 code [0x0000026c62840da0, 0x0000026c62840e68]
Event: 13.386 Thread 0x0000026c6f716720 nmethod 3246 0x0000026c5b1e3410 code [0x0000026c5b1e3640, 0x0000026c5b1e3d10]
Event: 13.392 Thread 0x0000026c6f716720 3251       3       java.lang.reflect.Field::checkAccess (32 bytes)
Event: 13.393 Thread 0x0000026c6f716720 nmethod 3251 0x0000026c5b1e4010 code [0x0000026c5b1e41e0, 0x0000026c5b1e4460]
Event: 13.393 Thread 0x0000026c6f716720 3252       3       java.lang.reflect.Field::getFieldAccessor (18 bytes)
Event: 13.393 Thread 0x0000026c6f716720 nmethod 3252 0x0000026c5b1e4590 code [0x0000026c5b1e4740, 0x0000026c5b1e48c8]
Event: 13.393 Thread 0x0000026c57a18b10 3253       4       java.lang.invoke.MethodType::makeImpl (109 bytes)
Event: 13.394 Thread 0x0000026c6f716720 3254       3       java.lang.invoke.DirectMethodHandle::checkCast (9 bytes)
Event: 13.394 Thread 0x0000026c6f716720 nmethod 3254 0x0000026c5b1e4990 code [0x0000026c5b1e4b40, 0x0000026c5b1e4de8]
Event: 13.394 Thread 0x0000026c6f716720 3255       3       java.util.LinkedList$ListItr::next (56 bytes)
Event: 13.394 Thread 0x0000026c6f716720 nmethod 3255 0x0000026c5b1e4f10 code [0x0000026c5b1e5100, 0x0000026c5b1e5598]
Event: 14.842 Thread 0x0000026c6f716720 3257       3       java.lang.Thread::isVirtual (5 bytes)
Event: 15.419 Thread 0x0000026c6f716720 nmethod 3257 0x0000026c5b1e5790 code [0x0000026c5b1e5940, 0x0000026c5b1e5b48]
Event: 16.515 Thread 0x0000026c6f716720 3258       3       java.util.concurrent.locks.AbstractQueuedSynchronizer::tryAcquireSharedNanos (62 bytes)
Event: 17.468 Thread 0x0000026c6f716720 nmethod 3258 0x0000026c5b1e5c10 code [0x0000026c5b1e5e40, 0x0000026c5b1e6530]
Event: 17.474 Thread 0x0000026c6f716720 3259       1       java.lang.reflect.Constructor::getModifiers (5 bytes)
Event: 17.475 Thread 0x0000026c6f716720 nmethod 3259 0x0000026c62841510 code [0x0000026c628416a0, 0x0000026c62841768]
Event: 17.476 Thread 0x0000026c6f716720 3261       3       java.lang.Short::<init> (10 bytes)
Event: 17.477 Thread 0x0000026c6f716720 nmethod 3261 0x0000026c5b1e6710 code [0x0000026c5b1e68c0, 0x0000026c5b1e6a88]
Event: 17.477 Thread 0x0000026c6f716720 3262       3       java.lang.Class::arrayContentsEq (70 bytes)

GC Heap History (10 events):
Event: 0.629 GC heap before
{Heap before GC invocations=1 (full 0):
 PSYoungGen      total 29696K, used 25600K [0x00000000d5580000, 0x00000000d7680000, 0x0000000100000000)
  eden space 25600K, 100% used [0x00000000d5580000,0x00000000d6e80000,0x00000000d6e80000)
  from space 4096K, 0% used [0x00000000d7280000,0x00000000d7280000,0x00000000d7680000)
  to   space 4096K, 0% used [0x00000000d6e80000,0x00000000d6e80000,0x00000000d7280000)
 ParOldGen       total 68608K, used 0K [0x0000000080000000, 0x0000000084300000, 0x00000000d5580000)
  object space 68608K, 0% used [0x0000000080000000,0x0000000080000000,0x0000000084300000)
 Metaspace       used 4394K, committed 4608K, reserved 1114112K
  class space    used 476K, committed 576K, reserved 1048576K
}
Event: 0.635 GC heap after
{Heap after GC invocations=1 (full 0):
 PSYoungGen      total 29696K, used 3303K [0x00000000d5580000, 0x00000000d7680000, 0x0000000100000000)
  eden space 25600K, 0% used [0x00000000d5580000,0x00000000d5580000,0x00000000d6e80000)
  from space 4096K, 80% used [0x00000000d6e80000,0x00000000d71b9e98,0x00000000d7280000)
  to   space 4096K, 0% used [0x00000000d7280000,0x00000000d7280000,0x00000000d7680000)
 ParOldGen       total 68608K, used 16K [0x0000000080000000, 0x0000000084300000, 0x00000000d5580000)
  object space 68608K, 0% used [0x0000000080000000,0x0000000080004000,0x0000000084300000)
 Metaspace       used 4394K, committed 4608K, reserved 1114112K
  class space    used 476K, committed 576K, reserved 1048576K
}
Event: 1.315 GC heap before
{Heap before GC invocations=2 (full 0):
 PSYoungGen      total 29696K, used 28903K [0x00000000d5580000, 0x00000000d7680000, 0x0000000100000000)
  eden space 25600K, 100% used [0x00000000d5580000,0x00000000d6e80000,0x00000000d6e80000)
  from space 4096K, 80% used [0x00000000d6e80000,0x00000000d71b9e98,0x00000000d7280000)
  to   space 4096K, 0% used [0x00000000d7280000,0x00000000d7280000,0x00000000d7680000)
 ParOldGen       total 68608K, used 16K [0x0000000080000000, 0x0000000084300000, 0x00000000d5580000)
  object space 68608K, 0% used [0x0000000080000000,0x0000000080004000,0x0000000084300000)
 Metaspace       used 8024K, committed 8256K, reserved 1114112K
  class space    used 832K, committed 960K, reserved 1048576K
}
Event: 1.323 GC heap after
{Heap after GC invocations=2 (full 0):
 PSYoungGen      total 29696K, used 4086K [0x00000000d5580000, 0x00000000d7680000, 0x0000000100000000)
  eden space 25600K, 0% used [0x00000000d5580000,0x00000000d5580000,0x00000000d6e80000)
  from space 4096K, 99% used [0x00000000d7280000,0x00000000d767d810,0x00000000d7680000)
  to   space 4096K, 0% used [0x00000000d6e80000,0x00000000d6e80000,0x00000000d7280000)
 ParOldGen       total 68608K, used 1931K [0x0000000080000000, 0x0000000084300000, 0x00000000d5580000)
  object space 68608K, 2% used [0x0000000080000000,0x00000000801e2ec8,0x0000000084300000)
 Metaspace       used 8024K, committed 8256K, reserved 1114112K
  class space    used 832K, committed 960K, reserved 1048576K
}
Event: 1.655 GC heap before
{Heap before GC invocations=3 (full 0):
 PSYoungGen      total 29696K, used 29680K [0x00000000d5580000, 0x00000000d7680000, 0x0000000100000000)
  eden space 25600K, 99% used [0x00000000d5580000,0x00000000d6e7e990,0x00000000d6e80000)
  from space 4096K, 99% used [0x00000000d7280000,0x00000000d767d810,0x00000000d7680000)
  to   space 4096K, 0% used [0x00000000d6e80000,0x00000000d6e80000,0x00000000d7280000)
 ParOldGen       total 68608K, used 1931K [0x0000000080000000, 0x0000000084300000, 0x00000000d5580000)
  object space 68608K, 2% used [0x0000000080000000,0x00000000801e2ec8,0x0000000084300000)
 Metaspace       used 9453K, committed 9792K, reserved 1114112K
  class space    used 1006K, committed 1152K, reserved 1048576K
}
Event: 1.662 GC heap after
{Heap after GC invocations=3 (full 0):
 PSYoungGen      total 29696K, used 4079K [0x00000000d5580000, 0x00000000d7680000, 0x0000000100000000)
  eden space 25600K, 0% used [0x00000000d5580000,0x00000000d5580000,0x00000000d6e80000)
  from space 4096K, 99% used [0x00000000d6e80000,0x00000000d727be88,0x00000000d7280000)
  to   space 4096K, 0% used [0x00000000d7280000,0x00000000d7280000,0x00000000d7680000)
 ParOldGen       total 68608K, used 4809K [0x0000000080000000, 0x0000000084300000, 0x00000000d5580000)
  object space 68608K, 7% used [0x0000000080000000,0x00000000804b27b0,0x0000000084300000)
 Metaspace       used 9453K, committed 9792K, reserved 1114112K
  class space    used 1006K, committed 1152K, reserved 1048576K
}
Event: 4.242 GC heap before
{Heap before GC invocations=4 (full 0):
 PSYoungGen      total 29696K, used 29679K [0x00000000d5580000, 0x00000000d7680000, 0x0000000100000000)
  eden space 25600K, 100% used [0x00000000d5580000,0x00000000d6e80000,0x00000000d6e80000)
  from space 4096K, 99% used [0x00000000d6e80000,0x00000000d727be88,0x00000000d7280000)
  to   space 4096K, 0% used [0x00000000d7280000,0x00000000d7280000,0x00000000d7680000)
 ParOldGen       total 68608K, used 4809K [0x0000000080000000, 0x0000000084300000, 0x00000000d5580000)
  object space 68608K, 7% used [0x0000000080000000,0x00000000804b27b0,0x0000000084300000)
 Metaspace       used 11660K, committed 12032K, reserved 1114112K
  class space    used 1234K, committed 1408K, reserved 1048576K
}
Event: 4.252 GC heap after
{Heap after GC invocations=4 (full 0):
 PSYoungGen      total 29696K, used 4075K [0x00000000d5580000, 0x00000000d7680000, 0x0000000100000000)
  eden space 25600K, 0% used [0x00000000d5580000,0x00000000d5580000,0x00000000d6e80000)
  from space 4096K, 99% used [0x00000000d7280000,0x00000000d767ad78,0x00000000d7680000)
  to   space 4096K, 0% used [0x00000000d6e80000,0x00000000d6e80000,0x00000000d7280000)
 ParOldGen       total 68608K, used 6522K [0x0000000080000000, 0x0000000084300000, 0x00000000d5580000)
  object space 68608K, 9% used [0x0000000080000000,0x000000008065e810,0x0000000084300000)
 Metaspace       used 11660K, committed 12032K, reserved 1114112K
  class space    used 1234K, committed 1408K, reserved 1048576K
}
Event: 6.541 GC heap before
{Heap before GC invocations=5 (full 0):
 PSYoungGen      total 29696K, used 29675K [0x00000000d5580000, 0x00000000d7680000, 0x0000000100000000)
  eden space 25600K, 100% used [0x00000000d5580000,0x00000000d6e80000,0x00000000d6e80000)
  from space 4096K, 99% used [0x00000000d7280000,0x00000000d767ad78,0x00000000d7680000)
  to   space 4096K, 0% used [0x00000000d6e80000,0x00000000d6e80000,0x00000000d7280000)
 ParOldGen       total 68608K, used 6522K [0x0000000080000000, 0x0000000084300000, 0x00000000d5580000)
  object space 68608K, 9% used [0x0000000080000000,0x000000008065e810,0x0000000084300000)
 Metaspace       used 15600K, committed 16192K, reserved 1114112K
  class space    used 1617K, committed 1856K, reserved 1048576K
}
Event: 8.571 GC heap after
{Heap after GC invocations=5 (full 0):
 PSYoungGen      total 29696K, used 4081K [0x00000000d5580000, 0x00000000d7680000, 0x0000000100000000)
  eden space 25600K, 0% used [0x00000000d5580000,0x00000000d5580000,0x00000000d6e80000)
  from space 4096K, 99% used [0x00000000d6e80000,0x00000000d727c6d8,0x00000000d7280000)
  to   space 4096K, 0% used [0x00000000d7280000,0x00000000d7280000,0x00000000d7680000)
 ParOldGen       total 68608K, used 8150K [0x0000000080000000, 0x0000000084300000, 0x00000000d5580000)
  object space 68608K, 11% used [0x0000000080000000,0x00000000807f5a28,0x0000000084300000)
 Metaspace       used 15600K, committed 16192K, reserved 1114112K
  class space    used 1617K, committed 1856K, reserved 1048576K
}

Dll operation events (10 events):
Event: 0.024 Loaded shared library c:\Users\Asus\.vscode\extensions\redhat.java-1.55.0-win32-x64\jre\21.0.11-win32-x86_64\bin\java.dll
Event: 0.099 Loaded shared library c:\Users\Asus\.vscode\extensions\redhat.java-1.55.0-win32-x64\jre\21.0.11-win32-x86_64\bin\zip.dll
Event: 0.119 Loaded shared library C:\Users\Asus\.vscode\extensions\redhat.java-1.55.0-win32-x64\jre\21.0.11-win32-x86_64\bin\instrument.dll
Event: 0.125 Loaded shared library C:\Users\Asus\.vscode\extensions\redhat.java-1.55.0-win32-x64\jre\21.0.11-win32-x86_64\bin\net.dll
Event: 0.128 Loaded shared library C:\Users\Asus\.vscode\extensions\redhat.java-1.55.0-win32-x64\jre\21.0.11-win32-x86_64\bin\nio.dll
Event: 0.131 Loaded shared library C:\Users\Asus\.vscode\extensions\redhat.java-1.55.0-win32-x64\jre\21.0.11-win32-x86_64\bin\zip.dll
Event: 0.148 Loaded shared library C:\Users\Asus\.vscode\extensions\redhat.java-1.55.0-win32-x64\jre\21.0.11-win32-x86_64\bin\jimage.dll
Event: 0.215 Loaded shared library c:\Users\Asus\.vscode\extensions\redhat.java-1.55.0-win32-x64\jre\21.0.11-win32-x86_64\bin\verify.dll
Event: 1.350 Loaded shared library C:\Users\Asus\AppData\Roaming\Code\User\globalStorage\redhat.java\1.55.0\config_win\org.eclipse.equinox.launcher\org.eclipse.equinox.launcher.win32.win32.x86_64_1.3.100.v20260613-0559\eclipse_11924.dll
Event: 13.357 Loaded shared library C:\Users\Asus\AppData\Local\Temp\jna-2050672\jna16228671270680934521.dll

Deoptimization events (20 events):
Event: 9.807 Thread 0x0000026c756192f0 Uncommon trap: trap_request=0xffffffde fr.pc=0x0000026c62836d68 relative=0x00000000000005a8
Event: 9.807 Thread 0x0000026c756192f0 Uncommon trap: reason=class_check action=maybe_recompile pc=0x0000026c62836d68 method=java.util.regex.Pattern$Start.match(Ljava/util/regex/Matcher;ILjava/lang/CharSequence;)Z @ 44 c2
Event: 9.807 Thread 0x0000026c756192f0 DEOPT PACKING pc=0x0000026c62836d68 sp=0x000000d7c42f80c0
Event: 9.807 Thread 0x0000026c756192f0 DEOPT UNPACKING pc=0x0000026c62003aa2 sp=0x000000d7c42f8000 mode 2
Event: 9.870 Thread 0x0000026c756192f0 Uncommon trap: trap_request=0xffffff45 fr.pc=0x0000026c6277cc68 relative=0x0000000000000528
Event: 9.870 Thread 0x0000026c756192f0 Uncommon trap: reason=unstable_if action=reinterpret pc=0x0000026c6277cc68 method=java.io.BufferedInputStream.read1([BII)I @ 34 c2
Event: 9.870 Thread 0x0000026c756192f0 DEOPT PACKING pc=0x0000026c6277cc68 sp=0x000000d7c42f8f80
Event: 9.870 Thread 0x0000026c756192f0 DEOPT UNPACKING pc=0x0000026c62003aa2 sp=0x000000d7c42f8ec8 mode 2
Event: 9.928 Thread 0x0000026c756192f0 Uncommon trap: trap_request=0xffffff45 fr.pc=0x0000026c62736c10 relative=0x0000000000000670
Event: 9.928 Thread 0x0000026c756192f0 Uncommon trap: reason=unstable_if action=reinterpret pc=0x0000026c62736c10 method=java.lang.String.replace(Ljava/lang/CharSequence;Ljava/lang/CharSequence;)Ljava/lang/String; @ 42 c2
Event: 9.928 Thread 0x0000026c756192f0 DEOPT PACKING pc=0x0000026c62736c10 sp=0x000000d7c42f77d0
Event: 9.928 Thread 0x0000026c756192f0 DEOPT UNPACKING pc=0x0000026c62003aa2 sp=0x000000d7c42f7750 mode 2
Event: 17.472 Thread 0x0000026c756192f0 Uncommon trap: trap_request=0xffffffde fr.pc=0x0000026c6282d4f0 relative=0x0000000000000050
Event: 17.472 Thread 0x0000026c756192f0 Uncommon trap: reason=class_check action=maybe_recompile pc=0x0000026c6282d4f0 method=java.lang.invoke.DirectMethodHandle.internalMemberName(Ljava/lang/Object;)Ljava/lang/Object; @ 1 c2
Event: 17.472 Thread 0x0000026c756192f0 DEOPT PACKING pc=0x0000026c6282d4f0 sp=0x000000d7c42f3e70
Event: 17.472 Thread 0x0000026c756192f0 DEOPT UNPACKING pc=0x0000026c62003aa2 sp=0x000000d7c42f3e00 mode 2
Event: 17.477 Thread 0x0000026c756192f0 Uncommon trap: trap_request=0xffffff45 fr.pc=0x0000026c6283c01c relative=0x000000000000093c
Event: 17.477 Thread 0x0000026c756192f0 Uncommon trap: reason=unstable_if action=reinterpret pc=0x0000026c6283c01c method=java.util.concurrent.ConcurrentHashMap.putVal(Ljava/lang/Object;Ljava/lang/Object;Z)Ljava/lang/Object; @ 401 c2
Event: 17.477 Thread 0x0000026c756192f0 DEOPT PACKING pc=0x0000026c6283c01c sp=0x000000d7c42f7680
Event: 17.477 Thread 0x0000026c756192f0 DEOPT UNPACKING pc=0x0000026c62003aa2 sp=0x000000d7c42f75f0 mode 2

Classes loaded (20 events):
Event: 13.385 Loading class java/lang/annotation/Documented
Event: 13.386 Loading class java/lang/annotation/Documented done
Event: 13.387 Loading class java/lang/reflect/UndeclaredThrowableException
Event: 13.388 Loading class java/lang/reflect/UndeclaredThrowableException done
Event: 13.388 Loading class java/lang/Class$AnnotationData
Event: 13.389 Loading class java/lang/Class$AnnotationData done
Event: 13.390 Loading class jdk/internal/reflect/MethodHandleIntegerFieldAccessorImpl
Event: 13.390 Loading class jdk/internal/reflect/MethodHandleIntegerFieldAccessorImpl done
Event: 14.408 Loading class java/io/PrintWriter
Event: 14.409 Loading class java/io/PrintWriter done
Event: 17.471 Loading class java/util/stream/SliceOps
Event: 17.471 Loading class java/util/stream/SliceOps done
Event: 17.471 Loading class java/util/stream/SliceOps$1
Event: 17.472 Loading class java/util/stream/SliceOps$1 done
Event: 17.472 Loading class java/util/stream/SliceOps$1$1
Event: 17.472 Loading class java/util/stream/SliceOps$1$1 done
Event: 17.476 Loading class jdk/internal/reflect/MethodHandleShortFieldAccessorImpl
Event: 17.476 Loading class jdk/internal/reflect/MethodHandleShortFieldAccessorImpl done
Event: 17.476 Loading class java/lang/Short$ShortCache
Event: 17.476 Loading class java/lang/Short$ShortCache done

Classes unloaded (0 events):
No events

Classes redefined (0 events):
No events

Internal exceptions (20 events):
Event: 1.483 Thread 0x0000026c756192f0 Exception <a 'java/lang/ClassNotFoundException'{0x00000000d5edbba0}: sun/util/logging/resources/spi/loggingProvider> (0x00000000d5edbba0) 
thrown [s\src\hotspot\share\classfile\systemDictionary.cpp, line 313]
Event: 3.980 Thread 0x0000026c756192f0 Exception <a 'java/lang/NullPointerException'{0x00000000d6735d30}> (0x00000000d6735d30) 
thrown [s\src\hotspot\share\interpreter\linkResolver.cpp, line 1372]
Event: 3.980 Thread 0x0000026c756192f0 Exception <a 'java/lang/NullPointerException'{0x00000000d6736010}> (0x00000000d6736010) 
thrown [s\src\hotspot\share\interpreter\linkResolver.cpp, line 1372]
Event: 4.381 Thread 0x0000026c756192f0 Exception <a 'java/lang/NoSuchMethodError'{0x00000000d57ede08}: 'long java.lang.invoke.DirectMethodHandle$Holder.invokeSpecial(java.lang.Object, java.lang.Object)'> (0x00000000d57ede08) 
thrown [s\src\hotspot\share\interpreter\linkResolver.cpp, line 773]
Event: 4.510 Thread 0x0000026c756192f0 Exception <a 'java/io/FileNotFoundException'{0x00000000d5a2f920}> (0x00000000d5a2f920) 
thrown [s\src\hotspot\share\prims\jni.cpp, line 520]
Event: 4.829 Thread 0x0000026c756192f0 Exception <a 'java/lang/NoSuchMethodError'{0x00000000d5f2ed80}: 'java.lang.Object java.lang.invoke.Invokers$Holder.linkToTargetMethod(java.lang.Object, long, java.lang.Object)'> (0x00000000d5f2ed80) 
thrown [s\src\hotspot\share\interpreter\linkResolver.cpp, line 773]
Event: 5.040 Thread 0x0000026c756192f0 Exception <a 'java/lang/NoSuchMethodError'{0x00000000d6472928}: 'void java.lang.invoke.Invokers$Holder.invokeExact_MT(java.lang.Object, java.lang.Object, java.lang.Object)'> (0x00000000d6472928) 
thrown [s\src\hotspot\share\interpreter\linkResolver.cpp, line 773]
Event: 5.212 Thread 0x0000026c756192f0 Exception <a 'java/lang/NoSuchMethodError'{0x00000000d676c618}: 'java.lang.Object java.lang.invoke.DirectMethodHandle$Holder.invokeVirtual(java.lang.Object, java.lang.Object, java.lang.Object)'> (0x00000000d676c618) 
thrown [s\src\hotspot\share\interpreter\linkResolver.cpp, line 773]
Event: 5.216 Thread 0x0000026c756192f0 Exception <a 'java/lang/NoSuchMethodError'{0x00000000d67840b0}: 'java.lang.Object java.lang.invoke.DelegatingMethodHandle$Holder.reinvoke_L(java.lang.Object, java.lang.Object, java.lang.Object, java.lang.Object, int, int)'> (0x00000000d67840b0) 
thrown [s\src\hotspot\share\interpreter\linkResolver.cpp, line 773]
Event: 5.222 Thread 0x0000026c756192f0 Exception <a 'java/lang/NoSuchMethodError'{0x00000000d67a04d8}: 'java.lang.Object java.lang.invoke.DirectMethodHandle$Holder.newInvokeSpecial(java.lang.Object, java.lang.Object, java.lang.Object, java.lang.Object, java.lang.Object, java.lang.Object)'> (0x00000000d67a04d8) 
thrown [s\src\hotspot\share\interpreter\linkResolver.cpp, line 773]
Event: 5.228 Thread 0x0000026c756192f0 Exception <a 'java/lang/NoSuchMethodError'{0x00000000d67cc028}: 'void java.lang.invoke.Invokers$Holder.invokeExact_MT(java.lang.Object, java.lang.Object, java.lang.Object, java.lang.Object)'> (0x00000000d67cc028) 
thrown [s\src\hotspot\share\interpreter\linkResolver.cpp, line 773]
Event: 5.333 Thread 0x0000026c756192f0 Exception <a 'java/io/FileNotFoundException'{0x00000000d6a98720}> (0x00000000d6a98720) 
thrown [s\src\hotspot\share\prims\jni.cpp, line 520]
Event: 5.338 Thread 0x0000026c756192f0 Exception <a 'java/io/FileNotFoundException'{0x00000000d6a9fb38}> (0x00000000d6a9fb38) 
thrown [s\src\hotspot\share\prims\jni.cpp, line 520]
Event: 9.836 Thread 0x0000026c756192f0 Exception <a 'java/lang/NoSuchMethodError'{0x00000000d5826ba8}: 'java.lang.Object java.lang.invoke.DirectMethodHandle$Holder.invokeStaticInit(java.lang.Object, int)'> (0x00000000d5826ba8) 
thrown [s\src\hotspot\share\interpreter\linkResolver.cpp, line 773]
Event: 9.937 Thread 0x0000026c756192f0 Exception <a 'java/lang/NoSuchMethodError'{0x00000000d5aac640}: 'java.lang.Object java.lang.invoke.DirectMethodHandle$Holder.invokeStaticInit(java.lang.Object, int, int, int, int)'> (0x00000000d5aac640) 
thrown [s\src\hotspot\share\interpreter\linkResolver.cpp, line 773]
Event: 10.014 Thread 0x0000026c756192f0 Exception <a 'java/lang/NoSuchMethodError'{0x00000000d5b6edc0}: 'java.lang.Object java.lang.invoke.DirectMethodHandle$Holder.invokeStaticInit(java.lang.Object, java.lang.Object, int, int, int, int)'> (0x00000000d5b6edc0) 
thrown [s\src\hotspot\share\interpreter\linkResolver.cpp, line 773]
Event: 13.390 Thread 0x0000026c756192f0 Exception <a 'java/lang/NoSuchMethodError'{0x00000000d5c91788}: 'void java.lang.invoke.DirectMethodHandle$Holder.invokeSpecial(java.lang.Object, java.lang.Object, java.lang.Object, int)'> (0x00000000d5c91788) 
thrown [s\src\hotspot\share\interpreter\linkResolver.cpp, line 773]
Event: 13.391 Thread 0x0000026c756192f0 Exception <a 'java/lang/NoSuchMethodError'{0x00000000d5c95118}: 'void java.lang.invoke.DelegatingMethodHandle$Holder.reinvoke_L(java.lang.Object, java.lang.Object, int)'> (0x00000000d5c95118) 
thrown [s\src\hotspot\share\interpreter\linkResolver.cpp, line 773]
Event: 13.391 Thread 0x0000026c756192f0 Exception <a 'java/lang/NoSuchMethodError'{0x00000000d5c9be00}: 'int java.lang.invoke.Invokers$Holder.invokeExact_MT(java.lang.Object, java.lang.Object, java.lang.Object)'> (0x00000000d5c9be00) 
thrown [s\src\hotspot\share\interpreter\linkResolver.cpp, line 773]
Event: 17.469 Thread 0x0000026c756192f0 Exception <a 'java/lang/NoSuchMethodError'{0x00000000d5d79fe8}: method resolution failed> (0x00000000d5d79fe8) 
thrown [s\src\hotspot\share\prims\methodHandles.cpp, line 1136]

ZGC Phase Switch (0 events):
No events

VM Operations (20 events):
Event: 5.374 Executing non-safepoint VM operation: HandshakeAllThreads (Deoptimize) done
Event: 6.382 Executing safepoint VM operation: Cleanup
Event: 6.523 Executing safepoint VM operation: Cleanup done
Event: 6.541 Executing safepoint VM operation: ParallelGCFailedAllocation (Allocation Failure)
Event: 8.571 Executing safepoint VM operation: ParallelGCFailedAllocation (Allocation Failure) done
Event: 9.574 Executing safepoint VM operation: Cleanup
Event: 9.574 Executing safepoint VM operation: Cleanup done
Event: 9.993 Executing non-safepoint VM operation: HandshakeAllThreads (Deoptimize)
Event: 9.994 Executing non-safepoint VM operation: HandshakeAllThreads (Deoptimize) done
Event: 10.998 Executing safepoint VM operation: Cleanup
Event: 10.998 Executing safepoint VM operation: Cleanup done
Event: 13.373 Executing non-safepoint VM operation: HandshakeAllThreads (Deoptimize)
Event: 13.373 Executing non-safepoint VM operation: HandshakeAllThreads (Deoptimize) done
Event: 13.373 Executing safepoint VM operation: Cleanup
Event: 13.373 Executing safepoint VM operation: Cleanup done
Event: 14.387 Executing safepoint VM operation: Cleanup
Event: 14.387 Executing safepoint VM operation: Cleanup done
Event: 16.391 Executing safepoint VM operation: Cleanup
Event: 16.454 Executing safepoint VM operation: Cleanup done
Event: 18.470 Executing safepoint VM operation: Cleanup

Memory protections (0 events):
No events

Nmethod flushes (0 events):
No events

Events (19 events):
Event: 0.053 Thread 0x0000026c5795d490 Thread added: 0x0000026c5795d490
Event: 0.068 Thread 0x0000026c5795d490 Thread added: 0x0000026c57a03400
Event: 0.068 Thread 0x0000026c5795d490 Thread added: 0x0000026c5790c2f0
Event: 0.069 Thread 0x0000026c5795d490 Thread added: 0x0000026c57a072a0
Event: 0.069 Thread 0x0000026c5795d490 Thread added: 0x0000026c57a08180
Event: 0.069 Thread 0x0000026c5795d490 Thread added: 0x0000026c57a0c3a0
Event: 0.069 Thread 0x0000026c5795d490 Thread added: 0x0000026c57a0ed30
Event: 0.069 Thread 0x0000026c5795d490 Thread added: 0x0000026c57a18b10
Event: 0.070 Thread 0x0000026c5795d490 Thread added: 0x0000026c6f716720
Event: 0.121 Thread 0x0000026c5795d490 Thread added: 0x0000026c6f8cfbf0
Event: 0.289 Thread 0x0000026c5795d490 Thread added: 0x0000026c6fa322e0
Event: 1.163 Thread 0x0000026c5795d490 Thread added: 0x0000026c6fa5e880
Event: 1.338 Thread 0x0000026c5795d490 Thread added: 0x0000026c757fe480
Event: 1.377 Thread 0x0000026c757fe480 Thread added: 0x0000026c75acb560
Event: 1.380 Thread 0x0000026c5795d490 Thread added: 0x0000026c756192f0
Event: 1.717 Thread 0x0000026c756192f0 Thread added: 0x0000026c75f8cb60
Event: 3.907 Thread 0x0000026c756192f0 Thread added: 0x0000026c764019b0
Event: 4.981 Thread 0x0000026c756192f0 Thread added: 0x0000026c759f4280
Event: 14.404 Thread 0x0000026c756192f0 Thread added: 0x0000026c75de3ff0


Dynamic libraries:
0x00007ff6aed20000 - 0x00007ff6aed2e000 	c:\Users\Asus\.vscode\extensions\redhat.java-1.55.0-win32-x64\jre\21.0.11-win32-x86_64\bin\java.exe
0x00007ffcb50a0000 - 0x00007ffcb5306000 	C:\WINDOWS\SYSTEM32\ntdll.dll
0x00007ffcb3e70000 - 0x00007ffcb3f39000 	C:\WINDOWS\System32\KERNEL32.DLL
0x00007ffcb24f0000 - 0x00007ffcb28ef000 	C:\WINDOWS\System32\KERNELBASE.dll
0x00007ffcb22b0000 - 0x00007ffcb23fc000 	C:\WINDOWS\System32\ucrtbase.dll
0x00007ffc8b190000 - 0x00007ffc8b1ae000 	c:\Users\Asus\.vscode\extensions\redhat.java-1.55.0-win32-x64\jre\21.0.11-win32-x86_64\bin\VCRUNTIME140.dll
0x00007ffc8b1b0000 - 0x00007ffc8b1c8000 	c:\Users\Asus\.vscode\extensions\redhat.java-1.55.0-win32-x64\jre\21.0.11-win32-x86_64\bin\jli.dll
0x00007ffcb4e20000 - 0x00007ffcb4fe6000 	C:\WINDOWS\System32\USER32.dll
0x00007ffcb24c0000 - 0x00007ffcb24e7000 	C:\WINDOWS\System32\win32u.dll
0x00007ffc98340000 - 0x00007ffc985d1000 	C:\WINDOWS\WinSxS\amd64_microsoft.windows.common-controls_6595b64144ccf1df_6.0.26100.8972_none_3e0da176e32f9d4b\COMCTL32.dll
0x00007ffcb4180000 - 0x00007ffcb41ab000 	C:\WINDOWS\System32\GDI32.dll
0x00007ffcb2a80000 - 0x00007ffcb2ba9000 	C:\WINDOWS\System32\gdi32full.dll
0x00007ffcb2410000 - 0x00007ffcb24b3000 	C:\WINDOWS\System32\msvcp_win.dll
0x00007ffcb3750000 - 0x00007ffcb37f9000 	C:\WINDOWS\System32\msvcrt.dll
0x00007ffcb4d70000 - 0x00007ffcb4da2000 	C:\WINDOWS\System32\IMM32.DLL
0x00007ffcac2e0000 - 0x00007ffcac2ec000 	c:\Users\Asus\.vscode\extensions\redhat.java-1.55.0-win32-x64\jre\21.0.11-win32-x86_64\bin\vcruntime140_1.dll
0x00007ffc89600000 - 0x00007ffc8968d000 	c:\Users\Asus\.vscode\extensions\redhat.java-1.55.0-win32-x64\jre\21.0.11-win32-x86_64\bin\msvcp140.dll
0x00007ffc487a0000 - 0x00007ffc49542000 	c:\Users\Asus\.vscode\extensions\redhat.java-1.55.0-win32-x64\jre\21.0.11-win32-x86_64\bin\server\jvm.dll
0x00007ffcb3320000 - 0x00007ffcb33dc000 	C:\WINDOWS\System32\ADVAPI32.dll
0x00007ffcb36a0000 - 0x00007ffcb374a000 	C:\WINDOWS\System32\sechost.dll
0x00007ffcb33f0000 - 0x00007ffcb3508000 	C:\WINDOWS\System32\RPCRT4.dll
0x00007ffcb3290000 - 0x00007ffcb3312000 	C:\WINDOWS\System32\WS2_32.dll
0x00007ffca4680000 - 0x00007ffca46b6000 	C:\WINDOWS\SYSTEM32\WINMM.dll
0x00007ffcb2130000 - 0x00007ffcb218e000 	C:\WINDOWS\SYSTEM32\POWRPROF.dll
0x00007ffc993c0000 - 0x00007ffc993cb000 	C:\WINDOWS\SYSTEM32\VERSION.dll
0x00007ffcb2110000 - 0x00007ffcb2125000 	C:\WINDOWS\SYSTEM32\UMPDC.dll
0x00007ffcb0fa0000 - 0x00007ffcb0fbb000 	C:\WINDOWS\SYSTEM32\kernel.appcore.dll
0x00007ffc8b180000 - 0x00007ffc8b18a000 	c:\Users\Asus\.vscode\extensions\redhat.java-1.55.0-win32-x64\jre\21.0.11-win32-x86_64\bin\jimage.dll
0x00007ffcaf850000 - 0x00007ffcafa92000 	C:\WINDOWS\SYSTEM32\DBGHELP.DLL
0x00007ffcb49e0000 - 0x00007ffcb4d65000 	C:\WINDOWS\System32\combase.dll
0x00007ffcb2fb0000 - 0x00007ffcb3089000 	C:\WINDOWS\System32\OLEAUT32.dll
0x00007ffc95210000 - 0x00007ffc9524b000 	C:\WINDOWS\SYSTEM32\dbgcore.DLL
0x00007ffcb2900000 - 0x00007ffcb29ac000 	C:\WINDOWS\System32\bcryptPrimitives.dll
0x00007ffcaa370000 - 0x00007ffcaa37f000 	c:\Users\Asus\.vscode\extensions\redhat.java-1.55.0-win32-x64\jre\21.0.11-win32-x86_64\bin\instrument.dll
0x00007ffc89e00000 - 0x00007ffc89e20000 	c:\Users\Asus\.vscode\extensions\redhat.java-1.55.0-win32-x64\jre\21.0.11-win32-x86_64\bin\java.dll
0x00007ffcb4250000 - 0x00007ffcb49d8000 	C:\WINDOWS\System32\SHELL32.dll
0x00007ffcafd30000 - 0x00007ffcb05cb000 	C:\WINDOWS\SYSTEM32\windows.storage.dll
0x00007ffcb3510000 - 0x00007ffcb3609000 	C:\WINDOWS\System32\SHCORE.dll
0x00007ffcb4db0000 - 0x00007ffcb4e16000 	C:\WINDOWS\System32\shlwapi.dll
0x00007ffcb21d0000 - 0x00007ffcb21f9000 	C:\WINDOWS\SYSTEM32\profapi.dll
0x00007ffc89de0000 - 0x00007ffc89df8000 	c:\Users\Asus\.vscode\extensions\redhat.java-1.55.0-win32-x64\jre\21.0.11-win32-x86_64\bin\zip.dll
0x00007ffcaa360000 - 0x00007ffcaa370000 	C:\Users\Asus\.vscode\extensions\redhat.java-1.55.0-win32-x64\jre\21.0.11-win32-x86_64\bin\net.dll
0x00007ffca7ce0000 - 0x00007ffca7e08000 	C:\WINDOWS\SYSTEM32\WINHTTP.dll
0x00007ffcb1550000 - 0x00007ffcb15bc000 	C:\WINDOWS\system32\mswsock.dll
0x00007ffcaa340000 - 0x00007ffcaa356000 	C:\Users\Asus\.vscode\extensions\redhat.java-1.55.0-win32-x64\jre\21.0.11-win32-x86_64\bin\nio.dll
0x00007ffcaa2c0000 - 0x00007ffcaa2d0000 	c:\Users\Asus\.vscode\extensions\redhat.java-1.55.0-win32-x64\jre\21.0.11-win32-x86_64\bin\verify.dll
0x00007ffc890e0000 - 0x00007ffc89125000 	C:\Users\Asus\AppData\Roaming\Code\User\globalStorage\redhat.java\1.55.0\config_win\org.eclipse.equinox.launcher\org.eclipse.equinox.launcher.win32.win32.x86_64_1.3.100.v20260613-0559\eclipse_11924.dll
0x00007ffcb3090000 - 0x00007ffcb3229000 	C:\WINDOWS\System32\ole32.dll
0x00007ffcb1840000 - 0x00007ffcb185b000 	C:\WINDOWS\SYSTEM32\CRYPTSP.dll
0x00007ffcb0f00000 - 0x00007ffcb0f39000 	C:\WINDOWS\system32\rsaenh.dll
0x00007ffcb1600000 - 0x00007ffcb1632000 	C:\WINDOWS\SYSTEM32\USERENV.dll
0x00007ffcb21a0000 - 0x00007ffcb21ca000 	C:\WINDOWS\SYSTEM32\bcrypt.dll
0x00007ffcb1860000 - 0x00007ffcb186c000 	C:\WINDOWS\SYSTEM32\CRYPTBASE.dll
0x00007ffcb0930000 - 0x00007ffcb0963000 	C:\WINDOWS\SYSTEM32\IPHLPAPI.DLL
0x00007ffcb3280000 - 0x00007ffcb328a000 	C:\WINDOWS\System32\NSI.dll
0x00007ffc88870000 - 0x00007ffc888b9000 	C:\Users\Asus\AppData\Local\Temp\jna-2050672\jna16228671270680934521.dll
0x00007ffcb41b0000 - 0x00007ffcb41b8000 	C:\WINDOWS\System32\PSAPI.DLL

JVMTI agents:
c:\Users\Asus\.vscode\extensions\redhat.java-1.55.0-win32-x64\lombok\lombok-1.18.39-4050.jar path:c:\Users\Asus\.vscode\extensions\redhat.java-1.55.0-win32-x64\jre\21.0.11-win32-x86_64\bin\instrument.dll, loaded, initialized, instrumentlib options:none

dbghelp: loaded successfully - version: 4.0.5 - missing functions: none
symbol engine: initialized successfully - sym options: 0x614 - pdb path: .;c:\Users\Asus\.vscode\extensions\redhat.java-1.55.0-win32-x64\jre\21.0.11-win32-x86_64\bin;C:\WINDOWS\SYSTEM32;C:\WINDOWS\WinSxS\amd64_microsoft.windows.common-controls_6595b64144ccf1df_6.0.26100.8972_none_3e0da176e32f9d4b;c:\Users\Asus\.vscode\extensions\redhat.java-1.55.0-win32-x64\jre\21.0.11-win32-x86_64\bin\server;C:\Users\Asus\AppData\Roaming\Code\User\globalStorage\redhat.java\1.55.0\config_win\org.eclipse.equinox.launcher\org.eclipse.equinox.launcher.win32.win32.x86_64_1.3.100.v20260613-0559;C:\Users\Asus\AppData\Local\Temp\jna-2050672

VM Arguments:
jvm_args: --add-modules=ALL-SYSTEM --add-opens=java.base/java.util=ALL-UNNAMED --add-opens=java.base/java.lang=ALL-UNNAMED --add-opens=java.base/sun.nio.fs=ALL-UNNAMED -Declipse.application=org.eclipse.jdt.ls.core.id1 -Dosgi.bundles.defaultStartLevel=4 -Declipse.product=org.eclipse.jdt.ls.core.product -Djava.import.generatesMetadataFilesAtProjectRoot=false -DDetectVMInstallationsJob.disabled=true -Dfile.encoding=utf8 -XX:+UseParallelGC -XX:GCTimeRatio=4 -XX:AdaptiveSizePolicyWeight=90 -Dsun.zip.disableMemoryMapping=true -Xmx2G -Xms100m -Xlog:disable -javaagent:c:\Users\Asus\.vscode\extensions\redhat.java-1.55.0-win32-x64\lombok\lombok-1.18.39-4050.jar -XX:+HeapDumpOnOutOfMemoryError -XX:HeapDumpPath=c:\Users\Asus\AppData\Roaming\Code\User\workspaceStorage\f8a3ee798ec4186917ff6778aadb489c\redhat.java -Daether.dependencyCollector.impl=bf 
java_command: c:\Users\Asus\.vscode\extensions\redhat.java-1.55.0-win32-x64\server\plugins\org.eclipse.equinox.launcher_1.7.200.v20260619-2039.jar -configuration c:\Users\Asus\AppData\Roaming\Code\User\globalStorage\redhat.java\1.55.0\config_win -data c:\Users\Asus\AppData\Roaming\Code\User\workspaceStorage\f8a3ee798ec4186917ff6778aadb489c\redhat.java\jdt_ws --pipe=\\.\pipe\lsp-90c44f37c126778b009b83f4a24be650-sock
java_class_path (initial): c:\Users\Asus\.vscode\extensions\redhat.java-1.55.0-win32-x64\server\plugins\org.eclipse.equinox.launcher_1.7.200.v20260619-2039.jar
Launcher Type: SUN_STANDARD

[Global flags]
    uintx AdaptiveSizePolicyWeight                 = 90                                        {product} {command line}
     intx CICompilerCount                          = 12                                        {product} {ergonomic}
    uintx GCTimeRatio                              = 4                                         {product} {command line}
     bool HeapDumpOnOutOfMemoryError               = true                                   {manageable} {command line}
    ccstr HeapDumpPath                             = c:\Users\Asus\AppData\Roaming\Code\User\workspaceStorage\f8a3ee798ec4186917ff6778aadb489c\redhat.java         {manageable} {command line}
   size_t InitialHeapSize                          = 104857600                                 {product} {command line}
   size_t MaxHeapSize                              = 2147483648                                {product} {command line}
   size_t MaxNewSize                               = 715653120                                 {product} {ergonomic}
   size_t MinHeapDeltaBytes                        = 524288                                    {product} {ergonomic}
   size_t MinHeapSize                              = 104857600                                 {product} {command line}
   size_t NewSize                                  = 34603008                                  {product} {ergonomic}
    uintx NonNMethodCodeHeapSize                   = 7602480                                {pd product} {ergonomic}
    uintx NonProfiledCodeHeapSize                  = 122027880                              {pd product} {ergonomic}
   size_t OldSize                                  = 70254592                                  {product} {ergonomic}
    uintx ProfiledCodeHeapSize                     = 122027880                              {pd product} {ergonomic}
    uintx ReservedCodeCacheSize                    = 251658240                              {pd product} {ergonomic}
     bool SegmentedCodeCache                       = true                                      {product} {ergonomic}
   size_t SoftMaxHeapSize                          = 2147483648                             {manageable} {ergonomic}
     bool UseCompressedOops                        = true                           {product lp64_product} {ergonomic}
     bool UseLargePagesIndividualAllocation        = false                                  {pd product} {ergonomic}
     bool UseParallelGC                            = true                                      {product} {command line}

Logging:
Log output configuration:
 #0: stdout all=off uptime,level,tags foldmultilines=false
 #1: stderr all=off uptime,level,tags foldmultilines=false

Release file:
JAVA_VERSION="21.0.11" 
MODULES="java.base java.compiler java.datatransfer java.xml java.prefs java.desktop java.instrument java.logging java.management java.security.sasl java.naming java.rmi java.management.rmi java.net.http java.scripting java.security.jgss java.transaction.xa java.sql java.sql.rowset java.xml.crypto java.se java.smartcardio jdk.accessibility jdk.internal.jvmstat jdk.attach jdk.charsets jdk.internal.opt jdk.zipfs jdk.compiler jdk.crypto.ec jdk.crypto.cryptoki jdk.crypto.mscapi jdk.dynalink jdk.internal.ed jdk.editpad jdk.hotspot.agent jdk.httpserver jdk.internal.le jdk.internal.vm.ci jdk.internal.vm.compiler jdk.internal.vm.compiler.management jdk.jartool jdk.javadoc jdk.jcmd jdk.management jdk.management.agent jdk.jconsole jdk.jdeps jdk.jdwp.agent jdk.jdi jdk.jfr jdk.jshell jdk.jsobject jdk.jstatd jdk.localedata jdk.management.jfr jdk.naming.dns jdk.naming.rmi jdk.net jdk.nio.mapmode jdk.random jdk.sctp jdk.security.auth jdk.security.jgss jdk.unsupported jdk.unsupported.desktop jdk.xml.dom" 

Environment Variables:
PATH=C:\Program Files\Common Files\Oracle\Java\javapath;C:\WINDOWS\system32;C:\WINDOWS;C:\WINDOWS\System32\Wbem;C:\WINDOWS\System32\WindowsPowerShell\v1.0\;C:\WINDOWS\System32\OpenSSH\;C:\MinGW\bin;C:\Program Files\nodejs\;C:\Program Files\Java\jdk-24\bin;C:\Program Files\Docker\Docker\resources\bin;C:\Program Files\Git\cmd;C:\Users\Asus\AppData\Local\Programs\Python\Python313\Scripts\;C:\Users\Asus\AppData\Local\Programs\Python\Python313\;C:\Users\Asus\AppData\Local\Programs\Python\Python312\Scripts\;C:\Users\Asus\AppData\Local\Programs\Python\Python312\;C:\Users\Asus\AppData\Local\Programs\Python\Launcher\;C:\Users\Asus\AppData\Local\Microsoft\WindowsApps;C:\Users\Asus\AppData\Local\Programs\Microsoft VS Code\bin;C:\Program Files\JetBrains\PyCharm 2024.3.1\bin;;C:\Program Files\JetBrains\PyCharm Community Edition 2024.3.1\bin;;C:\Program Files\nodejs;C:\Users\Asus\AppData\Roaming\npm
USERNAME=Asus
OS=Windows_NT
PROCESSOR_IDENTIFIER=Intel64 Family 6 Model 154 Stepping 3, GenuineIntel
TMP=C:\Users\Asus\AppData\Local\Temp
TEMP=C:\Users\Asus\AppData\Local\Temp




Periodic native trim disabled

---------------  S Y S T E M  ---------------

OS:
 Windows 11 , 64 bit Build 26100 (10.0.26100.9168)
OS uptime: 0 days 0:15 hours
Hyper-V role detected

CPU: total 16 (initial active 16) (8 cores per cpu, 2 threads per core) family 6 model 154 stepping 3 microcode 0x42c, cx8, cmov, fxsr, ht, mmx, 3dnowpref, sse, sse2, sse3, ssse3, sse4.1, sse4.2, popcnt, lzcnt, tsc, tscinvbit, avx, avx2, aes, erms, clmul, bmi1, bmi2, adx, sha, fma, vzeroupper, clflush, clflushopt, clwb, hv, serialize, rdtscp, rdpid, fsrm, f16c, cet_ibt, cet_ss
Processor Information for processor 0
  Max Mhz: 2500, Current Mhz: 1532, Mhz Limit: 2500
Processor Information for processor 1
  Max Mhz: 2500, Current Mhz: 1532, Mhz Limit: 2500
Processor Information for processor 2
  Max Mhz: 2500, Current Mhz: 2500, Mhz Limit: 2500
Processor Information for processor 3
  Max Mhz: 2500, Current Mhz: 1532, Mhz Limit: 2500
Processor Information for processor 4
  Max Mhz: 2500, Current Mhz: 1532, Mhz Limit: 2500
Processor Information for processor 5
  Max Mhz: 2500, Current Mhz: 2500, Mhz Limit: 2500
Processor Information for processor 6
  Max Mhz: 2500, Current Mhz: 1532, Mhz Limit: 2500
Processor Information for processor 7
  Max Mhz: 2500, Current Mhz: 1532, Mhz Limit: 2500
Processor Information for processor 8
  Max Mhz: 2500, Current Mhz: 1500, Mhz Limit: 1800
Processor Information for processor 9
  Max Mhz: 2500, Current Mhz: 1500, Mhz Limit: 1800
Processor Information for processor 10
  Max Mhz: 2500, Current Mhz: 1500, Mhz Limit: 1800
Processor Information for processor 11
  Max Mhz: 2500, Current Mhz: 1500, Mhz Limit: 1800
Processor Information for processor 12
  Max Mhz: 2500, Current Mhz: 1500, Mhz Limit: 1800
Processor Information for processor 13
  Max Mhz: 2500, Current Mhz: 1500, Mhz Limit: 1800
Processor Information for processor 14
  Max Mhz: 2500, Current Mhz: 1500, Mhz Limit: 1800
Processor Information for processor 15
  Max Mhz: 2500, Current Mhz: 1500, Mhz Limit: 1800

Memory: 4k page, system-wide physical 16069M (150M free)
TotalPageFile size 38412M (AvailPageFile size 1M)
current process WorkingSet (physical memory assigned to process): 127M, peak: 127M
current process commit charge ("private bytes"): 277M, peak: 278M

vm_info: OpenJDK 64-Bit Server VM (21.0.11+10-LTS) for windows-amd64 JRE (21.0.11+10-LTS), built on 2026-04-21T00:00:00Z by "admin" with MS VC++ 17.12 (VS2022)

END.
